Archive member included to satisfy reference by file (symbol)

D:/msys64/ucrt64/bin/../lib/gcc/arm-none-eabi/13.3.0/thumb/v7e-m+fp/hard\libgcc.a(_aeabi_uldivmod.o)
                              cmake/stm32cubemx/CMakeFiles/STM32_Drivers.dir/__/__/Drivers/STM32F4xx_HAL_Driver/Src/stm32f4xx_hal_rcc.c.obj (__aeabi_uldivmod)
D:/msys64/ucrt64/bin/../lib/gcc/arm-none-eabi/13.3.0/thumb/v7e-m+fp/hard\libgcc.a(_udivmoddi4.o)
                              D:/msys64/ucrt64/bin/../lib/gcc/arm-none-eabi/13.3.0/thumb/v7e-m+fp/hard\libgcc.a(_aeabi_uldivmod.o) (__udivmoddi4)
D:/msys64/ucrt64/bin/../lib/gcc/arm-none-eabi/13.3.0/thumb/v7e-m+fp/hard\libgcc.a(_dvmd_tls.o)
                              D:/msys64/ucrt64/bin/../lib/gcc/arm-none-eabi/13.3.0/thumb/v7e-m+fp/hard\libgcc.a(_aeabi_uldivmod.o) (__aeabi_ldiv0)
D:/msys64/ucrt64/bin/../lib/gcc/arm-none-eabi/13.3.0/../../../../arm-none-eabi/lib/thumb/v7e-m+fp/hard\libg_nano.a(libc_a-atexit.o)
                              D:/msys64/ucrt64/bin/../lib/gcc/arm-none-eabi/13.3.0/../../../../arm-none-eabi/lib/thumb/v7e-m+fp/hard/crt0.o (atexit)
D:/msys64/ucrt64/bin/../lib/gcc/arm-none-eabi/13.3.0/../../../../arm-none-eabi/lib/thumb/v7e-m+fp/hard\libg_nano.a(libc_a-exit.o)
                              D:/msys64/ucrt64/bin/../lib/gcc/arm-none-eabi/13.3.0/../../../../arm-none-eabi/lib/thumb/v7e-m+fp/hard/crt0.o (exit)
D:/msys64/ucrt64/bin/../lib/gcc/arm-none-eabi/13.3.0/../../../../arm-none-eabi/lib/thumb/v7e-m+fp/hard\libg_nano.a(libc_a-findfp.o)
                              D:/msys64/ucrt64/bin/../lib/gcc/arm-none-eabi/13.3.0/../../../../arm-none-eabi/lib/thumb/v7e-m+fp/hard\libg_nano.a(libc_a-exit.o) (__stdio_exit_handler)
D:/msys64/ucrt64/bin/../lib/gcc/arm-none-eabi/13.3.0/../../../../arm-none-eabi/lib/thumb/v7e-m+fp/hard\libg_nano.a(libc_a-fwalk.o)
                              D:/msys64/ucrt64/bin/../lib/gcc/arm-none-eabi/13.3.0/../../../../arm-none-eabi/lib/thumb/v7e-m+fp/hard\libg_nano.a(libc_a-findfp.o) (_fwalk_sglue)
D:/msys64/ucrt64/bin/../lib/gcc/arm-none-eabi/13.3.0/../../../../arm-none-eabi/lib/thumb/v7e-m+fp/hard\libg_nano.a(libc_a-stdio.o)
                              D:/msys64/ucrt64/bin/../lib/gcc/arm-none-eabi/13.3.0/../../../../arm-none-eabi/lib/thumb/v7e-m+fp/hard\libg_nano.a(libc_a-findfp.o) (__sread)
D:/msys64/ucrt64/bin/../lib/gcc/arm-none-eabi/13.3.0/../../../../arm-none-eabi/lib/thumb/v7e-m+fp/hard\libg_nano.a(libc_a-memset.o)
                              D:/msys64/ucrt64/bin/../lib/gcc/arm-none-eabi/13.3.0/../../../../arm-none-eabi/lib/thumb/v7e-m+fp/hard/crt0.o (memset)
D:/msys64/ucrt64/bin/../lib/gcc/arm-none-eabi/13.3.0/../../../../arm-none-eabi/lib/thumb/v7e-m+fp/hard\libg_nano.a(libc_a-closer.o)
                              D:/msys64/ucrt64/bin/../lib/gcc/arm-none-eabi/13.3.0/../../../../arm-none-eabi/lib/thumb/v7e-m+fp/hard\libg_nano.a(libc_a-stdio.o) (_close_r)
D:/msys64/ucrt64/bin/../lib/gcc/arm-none-eabi/13.3.0/../../../../arm-none-eabi/lib/thumb/v7e-m+fp/hard\libg_nano.a(libc_a-reent.o)
                              D:/msys64/ucrt64/bin/../lib/gcc/arm-none-eabi/13.3.0/../../../../arm-none-eabi/lib/thumb/v7e-m+fp/hard\libg_nano.a(libc_a-closer.o) (errno)
D:/msys64/ucrt64/bin/../lib/gcc/arm-none-eabi/13.3.0/../../../../arm-none-eabi/lib/thumb/v7e-m+fp/hard\libg_nano.a(libc_a-impure.o)
                              D:/msys64/ucrt64/bin/../lib/gcc/arm-none-eabi/13.3.0/../../../../arm-none-eabi/lib/thumb/v7e-m+fp/hard\libg_nano.a(libc_a-reent.o) (_impure_ptr)
D:/msys64/ucrt64/bin/../lib/gcc/arm-none-eabi/13.3.0/../../../../arm-none-eabi/lib/thumb/v7e-m+fp/hard\libg_nano.a(libc_a-lseekr.o)
                              D:/msys64/ucrt64/bin/../lib/gcc/arm-none-eabi/13.3.0/../../../../arm-none-eabi/lib/thumb/v7e-m+fp/hard\libg_nano.a(libc_a-stdio.o) (_lseek_r)
D:/msys64/ucrt64/bin/../lib/gcc/arm-none-eabi/13.3.0/../../../../arm-none-eabi/lib/thumb/v7e-m+fp/hard\libg_nano.a(libc_a-readr.o)
                              D:/msys64/ucrt64/bin/../lib/gcc/arm-none-eabi/13.3.0/../../../../arm-none-eabi/lib/thumb/v7e-m+fp/hard\libg_nano.a(libc_a-stdio.o) (_read_r)
D:/msys64/ucrt64/bin/../lib/gcc/arm-none-eabi/13.3.0/../../../../arm-none-eabi/lib/thumb/v7e-m+fp/hard\libg_nano.a(libc_a-writer.o)
                              D:/msys64/ucrt64/bin/../lib/gcc/arm-none-eabi/13.3.0/../../../../arm-none-eabi/lib/thumb/v7e-m+fp/hard\libg_nano.a(libc_a-stdio.o) (_write_r)
D:/msys64/ucrt64/bin/../lib/gcc/arm-none-eabi/13.3.0/../../../../arm-none-eabi/lib/thumb/v7e-m+fp/hard\libg_nano.a(libc_a-errno.o)
                              CMakeFiles/visual_gimbal.dir/Core/Src/sysmem.c.obj (__errno)
D:/msys64/ucrt64/bin/../lib/gcc/arm-none-eabi/13.3.0/../../../../arm-none-eabi/lib/thumb/v7e-m+fp/hard\libg_nano.a(libc_a-init.o)
                              D:/msys64/ucrt64/bin/../lib/gcc/arm-none-eabi/13.3.0/../../../../arm-none-eabi/lib/thumb/v7e-m+fp/hard/crt0.o (__libc_init_array)
[...]
Memory Configuration

Name             Origin             Length             Attributes
RAM              0x20000000         0x00020000         xrw
CCMRAM           0x10000000         0x00010000         xrw
FLASH            0x08000000         0x00100000         xr
*default*        0x00000000         0xffffffff

Linker script and memory map

LOAD D:/msys64/ucrt64/bin/../lib/gcc/arm-none-eabi/13.3.0/thumb/v7e-m+fp/hard/crti.o
LOAD D:/msys64/ucrt64/bin/../lib/gcc/arm-none-eabi/13.3.0/thumb/v7e-m+fp/hard/crtbegin.o
LOAD D:/msys64/ucrt64/bin/../lib/gcc/arm-none-eabi/13.3.0/../../../../arm-none-eabi/lib/thumb/v7e-m+fp/hard/crt0.o
LOAD cmake/stm32cubemx/CMakeFiles/STM32_Drivers.dir/__/__/Core/Src/system_stm32f4xx.c.obj
LOAD cmake/stm32cubemx/CMakeFiles/STM32_Drivers.dir/__/__/Drivers/STM32F4xx_HAL_Driver/Src/stm32f4xx_hal_tim.c.obj
LOAD cmake/stm32cubemx/CMakeFiles/STM32_Drivers.dir/__/__/Drivers/STM32F4xx_HAL_Driver/Src/stm32f4xx_hal_tim_ex.c.obj
LOAD cmake/stm32cubemx/CMakeFiles/STM32_Drivers.dir/__/__/Drivers/STM32F4xx_HAL_Driver/Src/stm32f4xx_hal_pcd.c.obj
LOAD cmake/stm32cubemx/CMakeFiles/STM32_Drivers.dir/__/__/Drivers/STM32F4xx_HAL_Driver/Src/stm32f4xx_hal_pcd_ex.c.obj
LOAD cmake/stm32cubemx/CMakeFiles/STM32_Drivers.dir/__/__/Drivers/STM32F4xx_HAL_Driver/Src/stm32f4xx_ll_usb.c.obj
LOAD cmake/stm32cubemx/CMakeFiles/STM32_Drivers.dir/__/__/Drivers/STM32F4xx_HAL_Driver/Src/stm32f4xx_hal_rcc.c.obj
LOAD cmake/stm32cubemx/CMakeFiles/STM32_Drivers.dir/__/__/Drivers/STM32F4xx_HAL_Driver/Src/stm32f4xx_hal_rcc_ex.c.obj
LOAD cmake/stm32cubemx/CMakeFiles/STM32_Drivers.dir/__/__/Drivers/STM32F4xx_HAL_Driver/Src/stm32f4xx_hal_flash.c.obj
LOAD cmake/stm32cubemx/CMakeFiles/STM32_Drivers.dir/__/__/Drivers/STM32F4xx_HAL_Driver/Src/stm32f4xx_hal_flash_ex.c.obj
LOAD cmake/stm32cubemx/CMakeFiles/STM32_Drivers.dir/__/__/Drivers/STM32F4xx_HAL_Driver/Src/stm32f4xx_hal_flash_ramfunc.c.obj
LOAD cmake/stm32cubemx/CMakeFiles/STM32_Drivers.dir/__/__/Drivers/STM32F4xx_HAL_Driver/Src/stm32f4xx_hal_gpio.c.obj
LOAD cmake/stm32cubemx/CMakeFiles/STM32_Drivers.dir/__/__/Drivers/STM32F4xx_HAL_Driver/Src/stm32f4xx_hal_dma_ex.c.obj
LOAD cmake/stm32cubemx/CMakeFiles/STM32_Drivers.dir/__/__/Drivers/STM32F4xx_HAL_Driver/Src/stm32f4xx_hal_dma.c.obj
LOAD cmake/stm32cubemx/CMakeFiles/STM32_Drivers.dir/__/__/Drivers/STM32F4xx_HAL_Driver/Src/stm32f4xx_hal_pwr.c.obj
LOAD cmake/stm32cubemx/CMakeFiles/STM32_Drivers.dir/__/__/Drivers/STM32F4xx_HAL_Driver/Src/stm32f4xx_hal_pwr_ex.c.obj
LOAD cmake/stm32cubemx/CMakeFiles/STM32_Drivers.dir/__/__/Drivers/STM32F4xx_HAL_Driver/Src/stm32f4xx_hal_cortex.c.obj
LOAD cmake/stm32cubemx/CMakeFiles/STM32_Drivers.dir/__/__/Drivers/STM32F4xx_HAL_Driver/Src/stm32f4xx_hal.c.obj
LOAD cmake/stm32cubemx/CMakeFiles/STM32_Drivers.dir/__/__/Drivers/STM32F4xx_HAL_Driver/Src/stm32f4xx_hal_exti.c.obj
LOAD cmake/stm32cubemx/CMakeFiles/STM32_Drivers.dir/__/__/Drivers/STM32F4xx_HAL_Driver/Src/stm32f4xx_hal_can.c.obj
LOAD cmake/stm32cubemx/CMakeFiles/STM32_Drivers.dir/__/__/Drivers/STM32F4xx_HAL_Driver/Src/stm32f4xx_hal_spi.c.obj
LOAD cmake/stm32cubemx/CMakeFiles/STM32_Drivers.dir/__/__/Drivers/STM32F4xx_HAL_Driver/Src/stm32f4xx_hal_uart.c.obj
LOAD cmake/stm32cubemx/CMakeFiles/USB_Device_Library.dir/__/__/Middlewares/ST/STM32_USB_Device_Library/Core/Src/usbd_core.c.obj
LOAD cmake/stm32cubemx/CMakeFiles/USB_Device_Library.dir/__/__/Middlewares/ST/STM32_USB_Device_Library/Core/Src/usbd_ctlreq.c.obj
LOAD cmake/stm32cubemx/CMakeFiles/USB_Device_Library.dir/__/__/Middlewares/ST/STM32_USB_Device_Library/Core/Src/usbd_ioreq.c.obj
LOAD cmake/stm32cubemx/CMakeFiles/USB_Device_Library.dir/__/__/Middlewares/ST/STM32_USB_Device_Library/Class/CDC/Src/usbd_cdc.c.obj
LOAD cmake/stm32cubemx/CMakeFiles/FreeRTOS.dir/__/__/Middlewares/Third_Party/FreeRTOS/Source/croutine.c.obj
LOAD cmake/stm32cubemx/CMakeFiles/FreeRTOS.dir/__/__/Middlewares/Third_Party/FreeRTOS/Source/event_groups.c.obj
LOAD cmake/stm32cubemx/CMakeFiles/FreeRTOS.dir/__/__/Middlewares/Third_Party/FreeRTOS/Source/list.c.obj
LOAD cmake/stm32cubemx/CMakeFiles/FreeRTOS.dir/__/__/Middlewares/Third_Party/FreeRTOS/Source/queue.c.obj
LOAD cmake/stm32cubemx/CMakeFiles/FreeRTOS.dir/__/__/Middlewares/Third_Party/FreeRTOS/Source/stream_buffer.c.obj
LOAD cmake/stm32cubemx/CMakeFiles/FreeRTOS.dir/__/__/Middlewares/Third_Party/FreeRTOS/Source/tasks.c.obj
LOAD cmake/stm32cubemx/CMakeFiles/FreeRTOS.dir/__/__/Middlewares/Third_Party/FreeRTOS/Source/timers.c.obj
LOAD cmake/stm32cubemx/CMakeFiles/FreeRTOS.dir/__/__/Middlewares/Third_Party/FreeRTOS/Source/CMSIS_RTOS/cmsis_os.c.obj
LOAD cmake/stm32cubemx/CMakeFiles/FreeRTOS.dir/__/__/Middlewares/Third_Party/FreeRTOS/Source/portable/MemMang/heap_4.c.obj
LOAD cmake/stm32cubemx/CMakeFiles/FreeRTOS.dir/__/__/Middlewares/Third_Party/FreeRTOS/Source/portable/GCC/ARM_CM4F/port.c.obj
LOAD CMakeFiles/visual_gimbal.dir/USB_DEVICE/Target/usbd_conf.c.obj
LOAD CMakeFiles/visual_gimbal.dir/USB_DEVICE/App/usb_device.c.obj
LOAD CMakeFiles/visual_gimbal.dir/USB_DEVICE/App/usbd_desc.c.obj
LOAD CMakeFiles/visual_gimbal.dir/USB_DEVICE/App/usbd_cdc_if.c.obj
LOAD CMakeFiles/visual_gimbal.dir/Core/Src/main.c.obj
LOAD CMakeFiles/visual_gimbal.dir/Core/Src/gpio.c.obj
LOAD CMakeFiles/visual_gimbal.dir/Core/Src/freertos.c.obj
LOAD CMakeFiles/visual_gimbal.dir/Core/Src/can.c.obj
LOAD CMakeFiles/visual_gimbal.dir/Core/Src/dma.c.obj
LOAD CMakeFiles/visual_gimbal.dir/Core/Src/spi.c.obj
LOAD CMakeFiles/visual_gimbal.dir/Core/Src/tim.c.obj
LOAD CMakeFiles/visual_gimbal.dir/Core/Src/usart.c.obj
LOAD CMakeFiles/visual_gimbal.dir/Core/Src/stm32f4xx_it.c.obj
LOAD CMakeFiles/visual_gimbal.dir/Core/Src/stm32f4xx_hal_msp.c.obj
LOAD CMakeFiles/visual_gimbal.dir/Core/Src/stm32f4xx_hal_timebase_tim.c.obj
LOAD CMakeFiles/visual_gimbal.dir/Core/Src/sysmem.c.obj
LOAD CMakeFiles/visual_gimbal.dir/Core/Src/syscalls.c.obj
LOAD CMakeFiles/visual_gimbal.dir/startup_stm32f405xx.s.obj
LOAD D:/Documents/RoboMaster2026/project/visual_gimbal/cmake/stm32cubemx/../../Middlewares/ST/ARM/DSP/Lib/libarm_cortexM4lf_math.a
LOAD D:/msys64/ucrt64/bin/../lib/gcc/arm-none-eabi/13.3.0/../../../../arm-none-eabi/lib/thumb/v7e-m+fp/hard\libm.a
START GROUP
LOAD D:/msys64/ucrt64/bin/../lib/gcc/arm-none-eabi/13.3.0/thumb/v7e-m+fp/hard\libgcc.a
LOAD D:/msys64/ucrt64/bin/../lib/gcc/arm-none-eabi/13.3.0/../../../../arm-none-eabi/lib/thumb/v7e-m+fp/hard\libg_nano.a
LOAD D:/msys64/ucrt64/bin/../lib/gcc/arm-none-eabi/13.3.0/../../../../arm-none-eabi/lib/thumb/v7e-m+fp/hard\libc_nano.a
END GROUP
START GROUP
LOAD D:/msys64/ucrt64/bin/../lib/gcc/arm-none-eabi/13.3.0/thumb/v7e-m+fp/hard\libgcc.a
LOAD D:/msys64/ucrt64/bin/../lib/gcc/arm-none-eabi/13.3.0/../../../../arm-none-eabi/lib/thumb/v7e-m+fp/hard\libc_nano.a
END GROUP
LOAD D:/msys64/ucrt64/bin/../lib/gcc/arm-none-eabi/13.3.0/thumb/v7e-m+fp/hard/crtend.o
LOAD D:/msys64/ucrt64/bin/../lib/gcc/arm-none-eabi/13.3.0/thumb/v7e-m+fp/hard/crtn.o
                0x20020000                        _estack = (ORIGIN (RAM) + LENGTH (RAM))
                0x00004000                        _Min_Heap_Size = 0x4000
                0x00004000                        _Min_Stack_Size = 0x4000

.isr_vector     0x08000000      0x188
                0x08000000                        . = ALIGN (0x4)
 *(.isr_vector)
 .isr_vector    0x08000000      0x188 CMakeFiles/visual_gimbal.dir/startup_stm32f405xx.s.obj
                0x08000000                g_pfnVectors
                0x08000188                        . = ALIGN (0x4)

.text           0x08000190     0xbb24
                0x08000190                        . = ALIGN (0x4)
 *(.text)
 .text          0x08000190       0x30 D:/msys64/ucrt64/bin/../lib/gcc/arm-none-eabi/13.3.0/thumb/v7e-m+fp/hard\libgcc.a(_aeabi_uldivmod.o)
                0x08000190                __aeabi_uldivmod
 .text          0x080001c0        0x4 D:/msys64/ucrt64/bin/../lib/gcc/arm-none-eabi/13.3.0/thumb/v7e-m+fp/hard\libgcc.a(_dvmd_tls.o)
                0x080001c0                __aeabi_idiv0
                0x080001c0                __aeabi_ldiv0
 .text          0x080001c4       0xa4 D:/msys64/ucrt64/bin/../lib/gcc/arm-none-eabi/13.3.0/../../../../arm-none-eabi/lib/thumb/v7e-m+fp/hard\libg_nano.a(libc_a-memset.o)
                0x080001c4                memset
 .text          0x08000268       0x50 D:/msys64/ucrt64/bin/../lib/gcc/arm-none-eabi/13.3.0/../../../../arm-none-eabi/lib/thumb/v7e-m+fp/hard\libg_nano.a(libc_a-init.o)
                0x08000268                __libc_init_array
 *(.text*)
 .text.__do_global_dtors_aux
                0x080002b8       0x24 D:/msys64/ucrt64/bin/../lib/gcc/arm-none-eabi/13.3.0/thumb/v7e-m+fp/hard/crtbegin.o
 .text.frame_dummy
                0x080002dc       0x1c D:/msys64/ucrt64/bin/../lib/gcc/arm-none-eabi/13.3.0/thumb/v7e-m+fp/hard/crtbegin.o
 .text.SystemInit
                0x080002f8       0x24 cmake/stm32cubemx/CMakeFiles/STM32_Drivers.dir/__/__/Core/Src/system_stm32f4xx.c.obj
                0x080002f8                SystemInit
 .text.HAL_TIM_Base_Init
                0x0800031c       0x9e cmake/stm32cubemx/CMakeFiles/STM32_Drivers.dir/__/__/Drivers/STM32F4xx_HAL_Driver/Src/stm32f4xx_hal_tim.c.obj
                0x0800031c                HAL_TIM_Base_Init
 *fill*         0x080003ba        0x2 
 .text.HAL_TIM_Base_Start_IT
                0x080003bc       0xe0 cmake/stm32cubemx/CMakeFiles/STM32_Drivers.dir/__/__/Drivers/STM32F4xx_HAL_Driver/Src/stm32f4xx_hal_tim.c.obj
                0x080003bc                HAL_TIM_Base_Start_IT
 .text.HAL_TIM_PWM_Init
                0x0800049c       0x9e cmake/stm32cubemx/CMakeFiles/STM32_Drivers.dir/__/__/Drivers/STM32F4xx_HAL_Driver/Src/stm32f4xx_hal_tim.c.obj
                0x0800049c                HAL_TIM_PWM_Init
 .text.HAL_TIM_PWM_MspInit
                0x0800053a       0x14 cmake/stm32cubemx/CMakeFiles/STM32_Drivers.dir/__/__/Drivers/STM32F4xx_HAL_Driver/Src/stm32f4xx_hal_tim.c.obj
                0x0800053a                HAL_TIM_PWM_MspInit
 .text.HAL_TIM_IRQHandler
                0x0800054e      0x1e0 cmake/stm32cubemx/CMakeFiles/STM32_Drivers.dir/__/__/Drivers/STM32F4xx_HAL_Driver/Src/stm32f4xx_hal_tim.c.obj
                0x0800054e                HAL_TIM_IRQHandler
 *fill*         0x0800072e        0x2 
 .text.HAL_TIM_PWM_ConfigChannel
                0x08000730      0x184 cmake/stm32cubemx/CMakeFiles/STM32_Drivers.dir/__/__/Drivers/STM32F4xx_HAL_Driver/Src/stm32f4xx_hal_tim.c.obj
                0x08000730                HAL_TIM_PWM_ConfigChannel
 .text.HAL_TIM_ConfigClockSource
                0x080008b4      0x18e cmake/stm32cubemx/CMakeFiles/STM32_Drivers.dir/__/__/Drivers/STM32F4xx_HAL_Driver/Src/stm32f4xx_hal_tim.c.obj
                0x080008b4                HAL_TIM_ConfigClockSource
 .text.HAL_TIM_OC_DelayElapsedCallback
                0x08000a42       0x14 cmake/stm32cubemx/CMakeFiles/STM32_Drivers.dir/__/__/Drivers/STM32F4xx_HAL_Driver/Src/stm32f4xx_hal_tim.c.obj
                0x08000a42                HAL_TIM_OC_DelayElapsedCallback
 .text.HAL_TIM_IC_CaptureCallback
                0x08000a56       0x14 cmake/stm32cubemx/CMakeFiles/STM32_Drivers.dir/__/__/Drivers/STM32F4xx_HAL_Driver/Src/stm32f4xx_hal_tim.c.obj
                0x08000a56                HAL_TIM_IC_CaptureCallback
 .text.HAL_TIM_PWM_PulseFinishedCallback
                0x08000a6a       0x14 cmake/stm32cubemx/CMakeFiles/STM32_Drivers.dir/__/__/Drivers/STM32F4xx_HAL_Driver/Src/stm32f4xx_hal_tim.c.obj
                0x08000a6a                HAL_TIM_PWM_PulseFinishedCallback
 .text.HAL_TIM_TriggerCallback
                0x08000a7e       0x14 cmake/stm32cubemx/CMakeFiles/STM32_Drivers.dir/__/__/Drivers/STM32F4xx_HAL_Driver/Src/stm32f4xx_hal_tim.c.obj
                0x08000a7e                HAL_TIM_TriggerCallback
 *fill*         0x08000a92        0x2 
 .text.TIM_Base_SetConfig
                0x08000a94      0x14c cmake/stm32cubemx/CMakeFiles/STM32_Drivers.dir/__/__/Drivers/STM32F4xx_HAL_Driver/Src/stm32f4xx_hal_tim.c.obj
                0x08000a94                TIM_Base_SetConfig
 .text.TIM_OC1_SetConfig
                0x08000be0       0xe0 cmake/stm32cubemx/CMakeFiles/STM32_Drivers.dir/__/__/Drivers/STM32F4xx_HAL_Driver/Src/stm32f4xx_hal_tim.c.obj
 .text.TIM_OC2_SetConfig
                0x08000cc0       0xec cmake/stm32cubemx/CMakeFiles/STM32_Drivers.dir/__/__/Drivers/STM32F4xx_HAL_Driver/Src/stm32f4xx_hal_tim.c.obj
                0x08000cc0                TIM_OC2_SetConfig
 .text.TIM_OC3_SetConfig
                0x08000dac       0xe8 cmake/stm32cubemx/CMakeFiles/STM32_Drivers.dir/__/__/Drivers/STM32F4xx_HAL_Driver/Src/stm32f4xx_hal_tim.c.obj
 .text.TIM_OC4_SetConfig
                0x08000e94       0xac cmake/stm32cubemx/CMakeFiles/STM32_Drivers.dir/__/__/Drivers/STM32F4xx_HAL_Driver/Src/stm32f4xx_hal_tim.c.obj
 .text.TIM_TI1_ConfigInputStage
                0x08000f40       0x5e cmake/stm32cubemx/CMakeFiles/STM32_Drivers.dir/__/__/Drivers/STM32F4xx_HAL_Driver/Src/stm32f4xx_hal_tim.c.obj
 .text.TIM_TI2_ConfigInputStage
                0x08000f9e       0x60 cmake/stm32cubemx/CMakeFiles/STM32_Drivers.dir/__/__/Drivers/STM32F4xx_HAL_Driver/Src/stm32f4xx_hal_tim.c.obj
 .text.TIM_ITRx_SetConfig
                0x08000ffe       0x36 cmake/stm32cubemx/CMakeFiles/STM32_Drivers.dir/__/__/Drivers/STM32F4xx_HAL_Driver/Src/stm32f4xx_hal_tim.c.obj
 .text.TIM_ETR_SetConfig
                0x08001034       0x40 cmake/stm32cubemx/CMakeFiles/STM32_Drivers.dir/__/__/Drivers/STM32F4xx_HAL_Driver/Src/stm32f4xx_hal_tim.c.obj
                0x08001034                TIM_ETR_SetConfig
 .text.HAL_TIMEx_MasterConfigSynchronization
                0x08001074       0xf8 cmake/stm32cubemx/CMakeFiles/STM32_Drivers.dir/__/__/Drivers/STM32F4xx_HAL_Driver/Src/stm32f4xx_hal_tim_ex.c.obj
                0x08001074                HAL_TIMEx_MasterConfigSynchronization
 .text.HAL_TIMEx_CommutCallback
                0x0800116c       0x14 cmake/stm32cubemx/CMakeFiles/STM32_Drivers.dir/__/__/Drivers/STM32F4xx_HAL_Driver/Src/stm32f4xx_hal_tim_ex.c.obj
                0x0800116c                HAL_TIMEx_CommutCallback
 .text.HAL_TIMEx_BreakCallback
                0x08001180       0x14 cmake/stm32cubemx/CMakeFiles/STM32_Drivers.dir/__/__/Drivers/STM32F4xx_HAL_Driver/Src/stm32f4xx_hal_tim_ex.c.obj
                0x08001180                HAL_TIMEx_BreakCallback
 .text.HAL_PCD_Init
                0x08001194      0x21e cmake/stm32cubemx/CMakeFiles/STM32_Drivers.dir/__/__/Drivers/STM32F4xx_HAL_Driver/Src/stm32f4xx_hal_pcd.c.obj
                0x08001194                HAL_PCD_Init
 .text.HAL_PCD_Start
                0x080013b2       0x6a cmake/stm32cubemx/CMakeFiles/STM32_Drivers.dir/__/__/Drivers/STM32F4xx_HAL_Driver/Src/stm32f4xx_hal_pcd.c.obj
                0x080013b2                HAL_PCD_Start
 .text.HAL_PCD_IRQHandler
                0x0800141c      0x942 cmake/stm32cubemx/CMakeFiles/STM32_Drivers.dir/__/__/Drivers/STM32F4xx_HAL_Driver/Src/stm32f4xx_hal_pcd.c.obj
                0x0800141c                HAL_PCD_IRQHandler
 .text.HAL_PCD_SetAddress
                0x08001d5e       0x48 cmake/stm32cubemx/CMakeFiles/STM32_Drivers.dir/__/__/Drivers/STM32F4xx_HAL_Driver/Src/stm32f4xx_hal_pcd.c.obj
                0x08001d5e                HAL_PCD_SetAddress
 .text.HAL_PCD_EP_Open
                0x08001da6       0xd4 cmake/stm32cubemx/CMakeFiles/STM32_Drivers.dir/__/__/Drivers/STM32F4xx_HAL_Driver/Src/stm32f4xx_hal_pcd.c.obj
                0x08001da6                HAL_PCD_EP_Open
 .text.HAL_PCD_EP_Close
                0x08001e7a       0x94 cmake/stm32cubemx/CMakeFiles/STM32_Drivers.dir/__/__/Drivers/STM32F4xx_HAL_Driver/Src/stm32f4xx_hal_pcd.c.obj
                0x08001e7a                HAL_PCD_EP_Close
 .text.HAL_PCD_EP_Receive
                0x08001f0e       0x76 cmake/stm32cubemx/CMakeFiles/STM32_Drivers.dir/__/__/Drivers/STM32F4xx_HAL_Driver/Src/stm32f4xx_hal_pcd.c.obj
                0x08001f0e                HAL_PCD_EP_Receive
 .text.HAL_PCD_EP_GetRxCount
                0x08001f84       0x30 cmake/stm32cubemx/CMakeFiles/STM32_Drivers.dir/__/__/Drivers/STM32F4xx_HAL_Driver/Src/stm32f4xx_hal_pcd.c.obj
                0x08001f84                HAL_PCD_EP_GetRxCount
 .text.HAL_PCD_EP_Transmit
                0x08001fb4       0x74 cmake/stm32cubemx/CMakeFiles/STM32_Drivers.dir/__/__/Drivers/STM32F4xx_HAL_Driver/Src/stm32f4xx_hal_pcd.c.obj
                0x08001fb4                HAL_PCD_EP_Transmit
 .text.HAL_PCD_EP_SetStall
                0x08002028       0xc6 cmake/stm32cubemx/CMakeFiles/STM32_Drivers.dir/__/__/Drivers/STM32F4xx_HAL_Driver/Src/stm32f4xx_hal_pcd.c.obj
                0x08002028                HAL_PCD_EP_SetStall
 .text.HAL_PCD_EP_ClrStall
                0x080020ee       0xac cmake/stm32cubemx/CMakeFiles/STM32_Drivers.dir/__/__/Drivers/STM32F4xx_HAL_Driver/Src/stm32f4xx_hal_pcd.c.obj
                0x080020ee                HAL_PCD_EP_ClrStall
 .text.HAL_PCD_EP_Abort
                0x0800219a       0x62 cmake/stm32cubemx/CMakeFiles/STM32_Drivers.dir/__/__/Drivers/STM32F4xx_HAL_Driver/Src/stm32f4xx_hal_pcd.c.obj
                0x0800219a                HAL_PCD_EP_Abort
 .text.PCD_WriteEmptyTxFifo
                0x080021fc      0x118 cmake/stm32cubemx/CMakeFiles/STM32_Drivers.dir/__/__/Drivers/STM32F4xx_HAL_Driver/Src/stm32f4xx_hal_pcd.c.obj
 .text.PCD_EP_OutXfrComplete_int
                0x08002314      0x1d0 cmake/stm32cubemx/CMakeFiles/STM32_Drivers.dir/__/__/Drivers/STM32F4xx_HAL_Driver/Src/stm32f4xx_hal_pcd.c.obj
 .text.PCD_EP_OutSetupPacket_int
                0x080024e4       0x8c cmake/stm32cubemx/CMakeFiles/STM32_Drivers.dir/__/__/Drivers/STM32F4xx_HAL_Driver/Src/stm32f4xx_hal_pcd.c.obj
 .text.HAL_PCDEx_SetTxFiFo
                0x08002570       0x8e cmake/stm32cubemx/CMakeFiles/STM32_Drivers.dir/__/__/Drivers/STM32F4xx_HAL_Driver/Src/stm32f4xx_hal_pcd_ex.c.obj
                0x08002570                HAL_PCDEx_SetTxFiFo
 .text.HAL_PCDEx_SetRxFiFo
                0x080025fe       0x22 cmake/stm32cubemx/CMakeFiles/STM32_Drivers.dir/__/__/Drivers/STM32F4xx_HAL_Driver/Src/stm32f4xx_hal_pcd_ex.c.obj
                0x080025fe                HAL_PCDEx_SetRxFiFo
 .text.HAL_PCDEx_LPM_Callback
                0x08002620       0x18 cmake/stm32cubemx/CMakeFiles/STM32_Drivers.dir/__/__/Drivers/STM32F4xx_HAL_Driver/Src/stm32f4xx_hal_pcd_ex.c.obj
                0x08002620                HAL_PCDEx_LPM_Callback
 .text.USB_CoreInit
                0x08002638       0xc8 cmake/stm32cubemx/CMakeFiles/STM32_Drivers.dir/__/__/Drivers/STM32F4xx_HAL_Driver/Src/stm32f4xx_ll_usb.c.obj
                0x08002638                USB_CoreInit
 .text.USB_SetTurnaroundTime
                0x08002700      0x144 cmake/stm32cubemx/CMakeFiles/STM32_Drivers.dir/__/__/Drivers/STM32F4xx_HAL_Driver/Src/stm32f4xx_ll_usb.c.obj
                0x08002700                USB_SetTurnaroundTime
 .text.USB_EnableGlobalInt
                0x08002844       0x22 cmake/stm32cubemx/CMakeFiles/STM32_Drivers.dir/__/__/Drivers/STM32F4xx_HAL_Driver/Src/stm32f4xx_ll_usb.c.obj
                0x08002844                USB_EnableGlobalInt
 .text.USB_DisableGlobalInt
                0x08002866       0x22 cmake/stm32cubemx/CMakeFiles/STM32_Drivers.dir/__/__/Drivers/STM32F4xx_HAL_Driver/Src/stm32f4xx_ll_usb.c.obj
                0x08002866                USB_DisableGlobalInt
 .text.USB_SetCurrentMode
                0x08002888       0x98 cmake/stm32cubemx/CMakeFiles/STM32_Drivers.dir/__/__/Drivers/STM32F4xx_HAL_Driver/Src/stm32f4xx_ll_usb.c.obj
                0x08002888                USB_SetCurrentMode
 .text.USB_DevInit
                0x08002920      0x2c8 cmake/stm32cubemx/CMakeFiles/STM32_Drivers.dir/__/__/Drivers/STM32F4xx_HAL_Driver/Src/stm32f4xx_ll_usb.c.obj
                0x08002920                USB_DevInit
 .text.USB_FlushTxFifo
                0x08002be8       0x64 cmake/stm32cubemx/CMakeFiles/STM32_Drivers.dir/__/__/Drivers/STM32F4xx_HAL_Driver/Src/stm32f4xx_ll_usb.c.obj
                0x08002be8                USB_FlushTxFifo
 .text.USB_FlushRxFifo
                0x08002c4c       0x5c cmake/stm32cubemx/CMakeFiles/STM32_Drivers.dir/__/__/Drivers/STM32F4xx_HAL_Driver/Src/stm32f4xx_ll_usb.c.obj
                0x08002c4c                USB_FlushRxFifo
 .text.USB_SetDevSpeed
                0x08002ca8       0x32 cmake/stm32cubemx/CMakeFiles/STM32_Drivers.dir/__/__/Drivers/STM32F4xx_HAL_Driver/Src/stm32f4xx_ll_usb.c.obj
                0x08002ca8                USB_SetDevSpeed
 .text.USB_GetDevSpeed
                0x08002cda       0x4a cmake/stm32cubemx/CMakeFiles/STM32_Drivers.dir/__/__/Drivers/STM32F4xx_HAL_Driver/Src/stm32f4xx_ll_usb.c.obj
                0x08002cda                USB_GetDevSpeed
 .text.USB_ActivateEndpoint
                0x08002d24      0x10e cmake/stm32cubemx/CMakeFiles/STM32_Drivers.dir/__/__/Drivers/STM32F4xx_HAL_Driver/Src/stm32f4xx_ll_usb.c.obj
                0x08002d24                USB_ActivateEndpoint
 *fill*         0x08002e32        0x2 
 .text.USB_DeactivateEndpoint
                0x08002e34      0x1b8 cmake/stm32cubemx/CMakeFiles/STM32_Drivers.dir/__/__/Drivers/STM32F4xx_HAL_Driver/Src/stm32f4xx_ll_usb.c.obj
                0x08002e34                USB_DeactivateEndpoint
 .text.USB_EPStartXfer
                0x08002fec      0x53c cmake/stm32cubemx/CMakeFiles/STM32_Drivers.dir/__/__/Drivers/STM32F4xx_HAL_Driver/Src/stm32f4xx_ll_usb.c.obj
                0x08002fec                USB_EPStartXfer
 .text.USB_EPStopXfer
                0x08003528      0x154 cmake/stm32cubemx/CMakeFiles/STM32_Drivers.dir/__/__/Drivers/STM32F4xx_HAL_Driver/Src/stm32f4xx_ll_usb.c.obj
                0x08003528                USB_EPStopXfer
 .text.USB_WritePacket
                0x0800367c       0x7c cmake/stm32cubemx/CMakeFiles/STM32_Drivers.dir/__/__/Drivers/STM32F4xx_HAL_Driver/Src/stm32f4xx_ll_usb.c.obj
                0x0800367c                USB_WritePacket
 .text.USB_ReadPacket
                0x080036f8       0xb0 cmake/stm32cubemx/CMakeFiles/STM32_Drivers.dir/__/__/Drivers/STM32F4xx_HAL_Driver/Src/stm32f4xx_ll_usb.c.obj
                0x080036f8                USB_ReadPacket
 .text.USB_EPSetStall
                0x080037a8       0xdc cmake/stm32cubemx/CMakeFiles/STM32_Drivers.dir/__/__/Drivers/STM32F4xx_HAL_Driver/Src/stm32f4xx_ll_usb.c.obj
                0x080037a8                USB_EPSetStall
 .text.USB_EPClearStall
                0x08003884       0xcc cmake/stm32cubemx/CMakeFiles/STM32_Drivers.dir/__/__/Drivers/STM32F4xx_HAL_Driver/Src/stm32f4xx_ll_usb.c.obj
                0x08003884                USB_EPClearStall
 .text.USB_SetDevAddress
                0x08003950       0x4c cmake/stm32cubemx/CMakeFiles/STM32_Drivers.dir/__/__/Drivers/STM32F4xx_HAL_Driver/Src/stm32f4xx_ll_usb.c.obj
                0x08003950                USB_SetDevAddress
 .text.USB_DevConnect
                0x0800399c       0x42 cmake/stm32cubemx/CMakeFiles/STM32_Drivers.dir/__/__/Drivers/STM32F4xx_HAL_Driver/Src/stm32f4xx_ll_usb.c.obj
                0x0800399c                USB_DevConnect
 .text.USB_DevDisconnect
                0x080039de       0x42 cmake/stm32cubemx/CMakeFiles/STM32_Drivers.dir/__/__/Drivers/STM32F4xx_HAL_Driver/Src/stm32f4xx_ll_usb.c.obj
                0x080039de                USB_DevDisconnect
 .text.USB_ReadInterrupts
                0x08003a20       0x26 cmake/stm32cubemx/CMakeFiles/STM32_Drivers.dir/__/__/Drivers/STM32F4xx_HAL_Driver/Src/stm32f4xx_ll_usb.c.obj
                0x08003a20                USB_ReadInterrupts
 .text.USB_ReadDevAllOutEpInterrupt
                0x08003a46       0x34 cmake/stm32cubemx/CMakeFiles/STM32_Drivers.dir/__/__/Drivers/STM32F4xx_HAL_Driver/Src/stm32f4xx_ll_usb.c.obj
                0x08003a46                USB_ReadDevAllOutEpInterrupt
 .text.USB_ReadDevAllInEpInterrupt
                0x08003a7a       0x34 cmake/stm32cubemx/CMakeFiles/STM32_Drivers.dir/__/__/Drivers/STM32F4xx_HAL_Driver/Src/stm32f4xx_ll_usb.c.obj
                0x08003a7a                USB_ReadDevAllInEpInterrupt
 .text.USB_ReadDevOutEPInterrupt
                0x08003aae       0x3c cmake/stm32cubemx/CMakeFiles/STM32_Drivers.dir/__/__/Drivers/STM32F4xx_HAL_Driver/Src/stm32f4xx_ll_usb.c.obj
                0x08003aae                USB_ReadDevOutEPInterrupt
 .text.USB_ReadDevInEPInterrupt
                0x08003aea       0x5c cmake/stm32cubemx/CMakeFiles/STM32_Drivers.dir/__/__/Drivers/STM32F4xx_HAL_Driver/Src/stm32f4xx_ll_usb.c.obj
                0x08003aea                USB_ReadDevInEPInterrupt
 .text.USB_GetMode
                0x08003b46       0x1c cmake/stm32cubemx/CMakeFiles/STM32_Drivers.dir/__/__/Drivers/STM32F4xx_HAL_Driver/Src/stm32f4xx_ll_usb.c.obj
                0x08003b46                USB_GetMode
 .text.USB_ActivateSetup
                0x08003b62       0x46 cmake/stm32cubemx/CMakeFiles/STM32_Drivers.dir/__/__/Drivers/STM32F4xx_HAL_Driver/Src/stm32f4xx_ll_usb.c.obj
                0x08003b62                USB_ActivateSetup
 .text.USB_EP0_OutStart
                0x08003ba8       0xbc cmake/stm32cubemx/CMakeFiles/STM32_Drivers.dir/__/__/Drivers/STM32F4xx_HAL_Driver/Src/stm32f4xx_ll_usb.c.obj
                0x08003ba8                USB_EP0_OutStart
 .text.USB_CoreReset
                0x08003c64       0x70 cmake/stm32cubemx/CMakeFiles/STM32_Drivers.dir/__/__/Drivers/STM32F4xx_HAL_Driver/Src/stm32f4xx_ll_usb.c.obj
 .text.HAL_RCC_OscConfig
                0x08003cd4      0x4f0 cmake/stm32cubemx/CMakeFiles/STM32_Drivers.dir/__/__/Drivers/STM32F4xx_HAL_Driver/Src/stm32f4xx_hal_rcc.c.obj
                0x08003cd4                HAL_RCC_OscConfig
 .text.HAL_RCC_ClockConfig
                0x080041c4      0x1cc cmake/stm32cubemx/CMakeFiles/STM32_Drivers.dir/__/__/Drivers/STM32F4xx_HAL_Driver/Src/stm32f4xx_hal_rcc.c.obj
                0x080041c4                HAL_RCC_ClockConfig
 .text.HAL_RCC_GetSysClockFreq
                0x08004390      0x20c cmake/stm32cubemx/CMakeFiles/STM32_Drivers.dir/__/__/Drivers/STM32F4xx_HAL_Driver/Src/stm32f4xx_hal_rcc.c.obj
                0x08004390                HAL_RCC_GetSysClockFreq
 .text.HAL_RCC_GetHCLKFreq
                0x0800459c       0x18 cmake/stm32cubemx/CMakeFiles/STM32_Drivers.dir/__/__/Drivers/STM32F4xx_HAL_Driver/Src/stm32f4xx_hal_rcc.c.obj
                0x0800459c                HAL_RCC_GetHCLKFreq
 .text.HAL_RCC_GetPCLK1Freq
                0x080045b4       0x28 cmake/stm32cubemx/CMakeFiles/STM32_Drivers.dir/__/__/Drivers/STM32F4xx_HAL_Driver/Src/stm32f4xx_hal_rcc.c.obj
                0x080045b4                HAL_RCC_GetPCLK1Freq
 .text.HAL_RCC_GetPCLK2Freq
                0x080045dc       0x28 cmake/stm32cubemx/CMakeFiles/STM32_Drivers.dir/__/__/Drivers/STM32F4xx_HAL_Driver/Src/stm32f4xx_hal_rcc.c.obj
                0x080045dc                HAL_RCC_GetPCLK2Freq
 .text.HAL_RCC_GetClockConfig
                0x08004604       0x64 cmake/stm32cubemx/CMakeFiles/STM32_Drivers.dir/__/__/Drivers/STM32F4xx_HAL_Driver/Src/stm32f4xx_hal_rcc.c.obj
                0x08004604                HAL_RCC_GetClockConfig
 .text.HAL_GPIO_Init
                0x08004668      0x338 cmake/stm32cubemx/CMakeFiles/STM32_Drivers.dir/__/__/Drivers/STM32F4xx_HAL_Driver/Src/stm32f4xx_hal_gpio.c.obj
                0x08004668                HAL_GPIO_Init
 .text.HAL_GPIO_WritePin
                0x080049a0       0x32 cmake/stm32cubemx/CMakeFiles/STM32_Drivers.dir/__/__/Drivers/STM32F4xx_HAL_Driver/Src/stm32f4xx_hal_gpio.c.obj
                0x080049a0                HAL_GPIO_WritePin
 *fill*         0x080049d2        0x2 
 .text.HAL_DMA_Init
                0x080049d4      0x15c cmake/stm32cubemx/CMakeFiles/STM32_Drivers.dir/__/__/Drivers/STM32F4xx_HAL_Driver/Src/stm32f4xx_hal_dma.c.obj
                0x080049d4                HAL_DMA_Init
 .text.HAL_DMA_Abort
                0x08004b30       0xe0 cmake/stm32cubemx/CMakeFiles/STM32_Drivers.dir/__/__/Drivers/STM32F4xx_HAL_Driver/Src/stm32f4xx_hal_dma.c.obj
                0x08004b30                HAL_DMA_Abort
 .text.HAL_DMA_Abort_IT
                0x08004c10       0x44 cmake/stm32cubemx/CMakeFiles/STM32_Drivers.dir/__/__/Drivers/STM32F4xx_HAL_Driver/Src/stm32f4xx_hal_dma.c.obj
                0x08004c10                HAL_DMA_Abort_IT
 .text.HAL_DMA_IRQHandler
                0x08004c54      0x314 cmake/stm32cubemx/CMakeFiles/STM32_Drivers.dir/__/__/Drivers/STM32F4xx_HAL_Driver/Src/stm32f4xx_hal_dma.c.obj
                0x08004c54                HAL_DMA_IRQHandler
 .text.DMA_CalcBaseAndBitshift
                0x08004f68       0x6c cmake/stm32cubemx/CMakeFiles/STM32_Drivers.dir/__/__/Drivers/STM32F4xx_HAL_Driver/Src/stm32f4xx_hal_dma.c.obj
 .text.DMA_CheckFifoParam
                0x08004fd4       0xf8 cmake/stm32cubemx/CMakeFiles/STM32_Drivers.dir/__/__/Drivers/STM32F4xx_HAL_Driver/Src/stm32f4xx_hal_dma.c.obj
 .text.__NVIC_SetPriorityGrouping
                0x080050cc       0x48 cmake/stm32cubemx/CMakeFiles/STM32_Drivers.dir/__/__/Drivers/STM32F4xx_HAL_Driver/Src/stm32f4xx_hal_cortex.c.obj
 .text.__NVIC_GetPriorityGrouping
                0x08005114       0x1c cmake/stm32cubemx/CMakeFiles/STM32_Drivers.dir/__/__/Drivers/STM32F4xx_HAL_Driver/Src/stm32f4xx_hal_cortex.c.obj
 .text.__NVIC_EnableIRQ
                0x08005130       0x3c cmake/stm32cubemx/CMakeFiles/STM32_Drivers.dir/__/__/Drivers/STM32F4xx_HAL_Driver/Src/stm32f4xx_hal_cortex.c.obj
 .text.__NVIC_SetPriority
                0x0800516c       0x54 cmake/stm32cubemx/CMakeFiles/STM32_Drivers.dir/__/__/Drivers/STM32F4xx_HAL_Driver/Src/stm32f4xx_hal_cortex.c.obj
 .text.NVIC_EncodePriority
                0x080051c0       0x66 cmake/stm32cubemx/CMakeFiles/STM32_Drivers.dir/__/__/Drivers/STM32F4xx_HAL_Driver/Src/stm32f4xx_hal_cortex.c.obj
 .text.HAL_NVIC_SetPriorityGrouping
                0x08005226       0x16 cmake/stm32cubemx/CMakeFiles/STM32_Drivers.dir/__/__/Drivers/STM32F4xx_HAL_Driver/Src/stm32f4xx_hal_cortex.c.obj
                0x08005226                HAL_NVIC_SetPriorityGrouping
 .text.HAL_NVIC_SetPriority
                0x0800523c       0x38 cmake/stm32cubemx/CMakeFiles/STM32_Drivers.dir/__/__/Drivers/STM32F4xx_HAL_Driver/Src/stm32f4xx_hal_cortex.c.obj
                0x0800523c                HAL_NVIC_SetPriority
 .text.HAL_NVIC_EnableIRQ
                0x08005274       0x1c cmake/stm32cubemx/CMakeFiles/STM32_Drivers.dir/__/__/Drivers/STM32F4xx_HAL_Driver/Src/stm32f4xx_hal_cortex.c.obj
                0x08005274                HAL_NVIC_EnableIRQ
 .text.HAL_Init
                0x08005290       0x44 cmake/stm32cubemx/CMakeFiles/STM32_Drivers.dir/__/__/Drivers/STM32F4xx_HAL_Driver/Src/stm32f4xx_hal.c.obj
                0x08005290                HAL_Init
 .text.HAL_IncTick
                0x080052d4       0x28 cmake/stm32cubemx/CMakeFiles/STM32_Drivers.dir/__/__/Drivers/STM32F4xx_HAL_Driver/Src/stm32f4xx_hal.c.obj
                0x080052d4                HAL_IncTick
 .text.HAL_GetTick
                0x080052fc       0x18 cmake/stm32cubemx/CMakeFiles/STM32_Drivers.dir/__/__/Drivers/STM32F4xx_HAL_Driver/Src/stm32f4xx_hal.c.obj
                0x080052fc                HAL_GetTick
 .text.HAL_Delay
                0x08005314       0x48 cmake/stm32cubemx/CMakeFiles/STM32_Drivers.dir/__/__/Drivers/STM32F4xx_HAL_Driver/Src/stm32f4xx_hal.c.obj
                0x08005314                HAL_Delay
 .text.HAL_CAN_Init
                0x0800535c      0x1f6 cmake/stm32cubemx/CMakeFiles/STM32_Drivers.dir/__/__/Drivers/STM32F4xx_HAL_Driver/Src/stm32f4xx_hal_can.c.obj
                0x0800535c                HAL_CAN_Init
 .text.HAL_CAN_IRQHandler
                0x08005552      0x36e cmake/stm32cubemx/CMakeFiles/STM32_Drivers.dir/__/__/Drivers/STM32F4xx_HAL_Driver/Src/stm32f4xx_hal_can.c.obj
                0x08005552                HAL_CAN_IRQHandler
 .text.HAL_CAN_TxMailbox0CompleteCallback
                0x080058c0       0x14 cmake/stm32cubemx/CMakeFiles/STM32_Drivers.dir/__/__/Drivers/STM32F4xx_HAL_Driver/Src/stm32f4xx_hal_can.c.obj
                0x080058c0                HAL_CAN_TxMailbox0CompleteCallback
 .text.HAL_CAN_TxMailbox1CompleteCallback
                0x080058d4       0x14 cmake/stm32cubemx/CMakeFiles/STM32_Drivers.dir/__/__/Drivers/STM32F4xx_HAL_Driver/Src/stm32f4xx_hal_can.c.obj
                0x080058d4                HAL_CAN_TxMailbox1CompleteCallback
 .text.HAL_CAN_TxMailbox2CompleteCallback
                0x080058e8       0x14 cmake/stm32cubemx/CMakeFiles/STM32_Drivers.dir/__/__/Drivers/STM32F4xx_HAL_Driver/Src/stm32f4xx_hal_can.c.obj
                0x080058e8                HAL_CAN_TxMailbox2CompleteCallback
 .text.HAL_CAN_TxMailbox0AbortCallback
                0x080058fc       0x14 cmake/stm32cubemx/CMakeFiles/STM32_Drivers.dir/__/__/Drivers/STM32F4xx_HAL_Driver/Src/stm32f4xx_hal_can.c.obj
                0x080058fc                HAL_CAN_TxMailbox0AbortCallback
 .text.HAL_CAN_TxMailbox1AbortCallback
                0x08005910       0x14 cmake/stm32cubemx/CMakeFiles/STM32_Drivers.dir/__/__/Drivers/STM32F4xx_HAL_Driver/Src/stm32f4xx_hal_can.c.obj
                0x08005910                HAL_CAN_TxMailbox1AbortCallback
 .text.HAL_CAN_TxMailbox2AbortCallback
                0x08005924       0x14 cmake/stm32cubemx/CMakeFiles/STM32_Drivers.dir/__/__/Drivers/STM32F4xx_HAL_Driver/Src/stm32f4xx_hal_can.c.obj
                0x08005924                HAL_CAN_TxMailbox2AbortCallback
 .text.HAL_CAN_RxFifo0MsgPendingCallback
                0x08005938       0x14 cmake/stm32cubemx/CMakeFiles/STM32_Drivers.dir/__/__/Drivers/STM32F4xx_HAL_Driver/Src/stm32f4xx_hal_can.c.obj
                0x08005938                HAL_CAN_RxFifo0MsgPendingCallback
 .text.HAL_CAN_RxFifo0FullCallback
                0x0800594c       0x14 cmake/stm32cubemx/CMakeFiles/STM32_Drivers.dir/__/__/Drivers/STM32F4xx_HAL_Driver/Src/stm32f4xx_hal_can.c.obj
                0x0800594c                HAL_CAN_RxFifo0FullCallback
 .text.HAL_CAN_RxFifo1MsgPendingCallback
                0x08005960       0x14 cmake/stm32cubemx/CMakeFiles/STM32_Drivers.dir/__/__/Drivers/STM32F4xx_HAL_Driver/Src/stm32f4xx_hal_can.c.obj
                0x08005960                HAL_CAN_RxFifo1MsgPendingCallback
 .text.HAL_CAN_RxFifo1FullCallback
                0x08005974       0x14 cmake/stm32cubemx/CMakeFiles/STM32_Drivers.dir/__/__/Drivers/STM32F4xx_HAL_Driver/Src/stm32f4xx_hal_can.c.obj
                0x08005974                HAL_CAN_RxFifo1FullCallback
 .text.HAL_CAN_SleepCallback
                0x08005988       0x14 cmake/stm32cubemx/CMakeFiles/STM32_Drivers.dir/__/__/Drivers/STM32F4xx_HAL_Driver/Src/stm32f4xx_hal_can.c.obj
                0x08005988                HAL_CAN_SleepCallback
 .text.HAL_CAN_WakeUpFromRxMsgCallback
                0x0800599c       0x14 cmake/stm32cubemx/CMakeFiles/STM32_Drivers.dir/__/__/Drivers/STM32F4xx_HAL_Driver/Src/stm32f4xx_hal_can.c.obj
                0x0800599c                HAL_CAN_WakeUpFromRxMsgCallback
 .text.HAL_CAN_ErrorCallback
                0x080059b0       0x14 cmake/stm32cubemx/CMakeFiles/STM32_Drivers.dir/__/__/Drivers/STM32F4xx_HAL_Driver/Src/stm32f4xx_hal_can.c.obj
                0x080059b0                HAL_CAN_ErrorCallback
 .text.HAL_SPI_Init
                0x080059c4      0x112 cmake/stm32cubemx/CMakeFiles/STM32_Drivers.dir/__/__/Drivers/STM32F4xx_HAL_Driver/Src/stm32f4xx_hal_spi.c.obj
                0x080059c4                HAL_SPI_Init
 *fill*         0x08005ad6        0x2 
 .text.HAL_SPI_IRQHandler
                0x08005ad8      0x200 cmake/stm32cubemx/CMakeFiles/STM32_Drivers.dir/__/__/Drivers/STM32F4xx_HAL_Driver/Src/stm32f4xx_hal_spi.c.obj
                0x08005ad8                HAL_SPI_IRQHandler
 .text.HAL_SPI_ErrorCallback
                0x08005cd8       0x14 cmake/stm32cubemx/CMakeFiles/STM32_Drivers.dir/__/__/Drivers/STM32F4xx_HAL_Driver/Src/stm32f4xx_hal_spi.c.obj
                0x08005cd8                HAL_SPI_ErrorCallback
 .text.SPI_DMAAbortOnError
                0x08005cec       0x28 cmake/stm32cubemx/CMakeFiles/STM32_Drivers.dir/__/__/Drivers/STM32F4xx_HAL_Driver/Src/stm32f4xx_hal_spi.c.obj
 .text.HAL_UART_Init
                0x08005d14       0xa0 cmake/stm32cubemx/CMakeFiles/STM32_Drivers.dir/__/__/Drivers/STM32F4xx_HAL_Driver/Src/stm32f4xx_hal_uart.c.obj
                0x08005d14                HAL_UART_Init
 .text.HAL_UART_IRQHandler
                0x08005db4      0x554 cmake/stm32cubemx/CMakeFiles/STM32_Drivers.dir/__/__/Drivers/STM32F4xx_HAL_Driver/Src/stm32f4xx_hal_uart.c.obj
                0x08005db4                HAL_UART_IRQHandler
 .text.HAL_UART_TxCpltCallback
                0x08006308       0x14 cmake/stm32cubemx/CMakeFiles/STM32_Drivers.dir/__/__/Drivers/STM32F4xx_HAL_Driver/Src/stm32f4xx_hal_uart.c.obj
                0x08006308                HAL_UART_TxCpltCallback
 .text.HAL_UART_RxCpltCallback
                0x0800631c       0x14 cmake/stm32cubemx/CMakeFiles/STM32_Drivers.dir/__/__/Drivers/STM32F4xx_HAL_Driver/Src/stm32f4xx_hal_uart.c.obj
                0x0800631c                HAL_UART_RxCpltCallback
 .text.HAL_UART_ErrorCallback
                0x08006330       0x14 cmake/stm32cubemx/CMakeFiles/STM32_Drivers.dir/__/__/Drivers/STM32F4xx_HAL_Driver/Src/stm32f4xx_hal_uart.c.obj
                0x08006330                HAL_UART_ErrorCallback
 .text.HAL_UARTEx_RxEventCallback
                0x08006344       0x18 cmake/stm32cubemx/CMakeFiles/STM32_Drivers.dir/__/__/Drivers/STM32F4xx_HAL_Driver/Src/stm32f4xx_hal_uart.c.obj
                0x08006344                HAL_UARTEx_RxEventCallback
 .text.UART_EndRxTransfer
                0x0800635c       0xc6 cmake/stm32cubemx/CMakeFiles/STM32_Drivers.dir/__/__/Drivers/STM32F4xx_HAL_Driver/Src/stm32f4xx_hal_uart.c.obj
 .text.UART_DMAAbortOnError
                0x08006422       0x22 cmake/stm32cubemx/CMakeFiles/STM32_Drivers.dir/__/__/Drivers/STM32F4xx_HAL_Driver/Src/stm32f4xx_hal_uart.c.obj
 .text.UART_Transmit_IT
                0x08006444       0xa0 cmake/stm32cubemx/CMakeFiles/STM32_Drivers.dir/__/__/Drivers/STM32F4xx_HAL_Driver/Src/stm32f4xx_hal_uart.c.obj
 .text.UART_EndTransmit_IT
                0x080064e4       0x30 cmake/stm32cubemx/CMakeFiles/STM32_Drivers.dir/__/__/Drivers/STM32F4xx_HAL_Driver/Src/stm32f4xx_hal_uart.c.obj
 .text.UART_Receive_IT
                0x08006514      0x17c cmake/stm32cubemx/CMakeFiles/STM32_Drivers.dir/__/__/Drivers/STM32F4xx_HAL_Driver/Src/stm32f4xx_hal_uart.c.obj
 .text.UART_SetConfig
                0x08006690      0x4e8 cmake/stm32cubemx/CMakeFiles/STM32_Drivers.dir/__/__/Drivers/STM32F4xx_HAL_Driver/Src/stm32f4xx_hal_uart.c.obj
 .text.USBD_Init
                0x08006b78       0x60 cmake/stm32cubemx/CMakeFiles/USB_Device_Library.dir/__/__/Middlewares/ST/STM32_USB_Device_Library/Core/Src/usbd_core.c.obj
                0x08006b78                USBD_Init
 .text.USBD_RegisterClass
                0x08006bd8       0x6c cmake/stm32cubemx/CMakeFiles/USB_Device_Library.dir/__/__/Middlewares/ST/STM32_USB_Device_Library/Core/Src/usbd_core.c.obj
                0x08006bd8                USBD_RegisterClass
 .text.USBD_Start
                0x08006c44       0x18 cmake/stm32cubemx/CMakeFiles/USB_Device_Library.dir/__/__/Middlewares/ST/STM32_USB_Device_Library/Core/Src/usbd_core.c.obj
                0x08006c44                USBD_Start
 .text.USBD_RunTestMode
                0x08006c5c       0x16 cmake/stm32cubemx/CMakeFiles/USB_Device_Library.dir/__/__/Middlewares/ST/STM32_USB_Device_Library/Core/Src/usbd_core.c.obj
                0x08006c5c                USBD_RunTestMode
 .text.USBD_SetClassConfig
                0x08006c72       0x38 cmake/stm32cubemx/CMakeFiles/USB_Device_Library.dir/__/__/Middlewares/ST/STM32_USB_Device_Library/Core/Src/usbd_core.c.obj
                0x08006c72                USBD_SetClassConfig
 .text.USBD_ClrClassConfig
                0x08006caa       0x34 cmake/stm32cubemx/CMakeFiles/USB_Device_Library.dir/__/__/Middlewares/ST/STM32_USB_Device_Library/Core/Src/usbd_core.c.obj
                0x08006caa                USBD_ClrClassConfig
 .text.USBD_LL_SetupStage
                0x08006cde       0xaa cmake/stm32cubemx/CMakeFiles/USB_Device_Library.dir/__/__/Middlewares/ST/STM32_USB_Device_Library/Core/Src/usbd_core.c.obj
                0x08006cde                USBD_LL_SetupStage
 .text.USBD_LL_DataOutStage
                0x08006d88      0x178 cmake/stm32cubemx/CMakeFiles/USB_Device_Library.dir/__/__/Middlewares/ST/STM32_USB_Device_Library/Core/Src/usbd_core.c.obj
                0x08006d88                USBD_LL_DataOutStage
 .text.USBD_LL_DataInStage
                0x08006f00      0x176 cmake/stm32cubemx/CMakeFiles/USB_Device_Library.dir/__/__/Middlewares/ST/STM32_USB_Device_Library/Core/Src/usbd_core.c.obj
                0x08006f00                USBD_LL_DataInStage
 .text.USBD_LL_Reset
                0x08007076       0xa6 cmake/stm32cubemx/CMakeFiles/USB_Device_Library.dir/__/__/Middlewares/ST/STM32_USB_Device_Library/Core/Src/usbd_core.c.obj
                0x08007076                USBD_LL_Reset
 .text.USBD_LL_SetSpeed
                0x0800711c       0x20 cmake/stm32cubemx/CMakeFiles/USB_Device_Library.dir/__/__/Middlewares/ST/STM32_USB_Device_Library/Core/Src/usbd_core.c.obj
                0x0800711c                USBD_LL_SetSpeed
 .text.USBD_LL_Suspend
                0x0800713c       0x38 cmake/stm32cubemx/CMakeFiles/USB_Device_Library.dir/__/__/Middlewares/ST/STM32_USB_Device_Library/Core/Src/usbd_core.c.obj
                0x0800713c                USBD_LL_Suspend
 .text.USBD_LL_Resume
                0x08007174       0x30 cmake/stm32cubemx/CMakeFiles/USB_Device_Library.dir/__/__/Middlewares/ST/STM32_USB_Device_Library/Core/Src/usbd_core.c.obj
                0x08007174                USBD_LL_Resume
 .text.USBD_LL_SOF
                0x080071a4       0x40 cmake/stm32cubemx/CMakeFiles/USB_Device_Library.dir/__/__/Middlewares/ST/STM32_USB_Device_Library/Core/Src/usbd_core.c.obj
                0x080071a4                USBD_LL_SOF
 .text.USBD_LL_IsoINIncomplete
                0x080071e4       0x64 cmake/stm32cubemx/CMakeFiles/USB_Device_Library.dir/__/__/Middlewares/ST/STM32_USB_Device_Library/Core/Src/usbd_core.c.obj
                0x080071e4                USBD_LL_IsoINIncomplete
 .text.USBD_LL_IsoOUTIncomplete
                0x08007248       0x64 cmake/stm32cubemx/CMakeFiles/USB_Device_Library.dir/__/__/Middlewares/ST/STM32_USB_Device_Library/Core/Src/usbd_core.c.obj
                0x08007248                USBD_LL_IsoOUTIncomplete
 .text.USBD_LL_DevConnected
                0x080072ac       0x16 cmake/stm32cubemx/CMakeFiles/USB_Device_Library.dir/__/__/Middlewares/ST/STM32_USB_Device_Library/Core/Src/usbd_core.c.obj
                0x080072ac                USBD_LL_DevConnected
 .text.USBD_LL_DevDisconnected
                0x080072c2       0x46 cmake/stm32cubemx/CMakeFiles/USB_Device_Library.dir/__/__/Middlewares/ST/STM32_USB_Device_Library/Core/Src/usbd_core.c.obj
                0x080072c2                USBD_LL_DevDisconnected
 .text.USBD_CoreFindIF
                0x08007308       0x1a cmake/stm32cubemx/CMakeFiles/USB_Device_Library.dir/__/__/Middlewares/ST/STM32_USB_Device_Library/Core/Src/usbd_core.c.obj
                0x08007308                USBD_CoreFindIF
 .text.USBD_CoreFindEP
                0x08007322       0x1a cmake/stm32cubemx/CMakeFiles/USB_Device_Library.dir/__/__/Middlewares/ST/STM32_USB_Device_Library/Core/Src/usbd_core.c.obj
                0x08007322                USBD_CoreFindEP
 .text.USBD_GetEpDesc
                0x0800733c       0x70 cmake/stm32cubemx/CMakeFiles/USB_Device_Library.dir/__/__/Middlewares/ST/STM32_USB_Device_Library/Core/Src/usbd_core.c.obj
                0x0800733c                USBD_GetEpDesc
 .text.USBD_GetNextDesc
                0x080073ac       0x38 cmake/stm32cubemx/CMakeFiles/USB_Device_Library.dir/__/__/Middlewares/ST/STM32_USB_Device_Library/Core/Src/usbd_core.c.obj
                0x080073ac                USBD_GetNextDesc
 .text.SWAPBYTE
                0x080073e4       0x3e cmake/stm32cubemx/CMakeFiles/USB_Device_Library.dir/__/__/Middlewares/ST/STM32_USB_Device_Library/Core/Src/usbd_ctlreq.c.obj
 *fill*         0x08007422        0x2 
 .text.USBD_StdDevReq
                0x08007424       0xe4 cmake/stm32cubemx/CMakeFiles/USB_Device_Library.dir/__/__/Middlewares/ST/STM32_USB_Device_Library/Core/Src/usbd_ctlreq.c.obj
                0x08007424                USBD_StdDevReq
 .text.USBD_StdItfReq
                0x08007508       0xd8 cmake/stm32cubemx/CMakeFiles/USB_Device_Library.dir/__/__/Middlewares/ST/STM32_USB_Device_Library/Core/Src/usbd_ctlreq.c.obj
                0x08007508                USBD_StdItfReq
 .text.USBD_StdEPReq
                0x080075e0      0x33e cmake/stm32cubemx/CMakeFiles/USB_Device_Library.dir/__/__/Middlewares/ST/STM32_USB_Device_Library/Core/Src/usbd_ctlreq.c.obj
                0x080075e0                USBD_StdEPReq
 *fill*         0x0800791e        0x2 
 .text.USBD_GetDescriptor
                0x08007920      0x2d4 cmake/stm32cubemx/CMakeFiles/USB_Device_Library.dir/__/__/Middlewares/ST/STM32_USB_Device_Library/Core/Src/usbd_ctlreq.c.obj
 .text.USBD_SetAddress
                0x08007bf4       0x88 cmake/stm32cubemx/CMakeFiles/USB_Device_Library.dir/__/__/Middlewares/ST/STM32_USB_Device_Library/Core/Src/usbd_ctlreq.c.obj
 .text.USBD_SetConfig
                0x08007c7c      0x154 cmake/stm32cubemx/CMakeFiles/USB_Device_Library.dir/__/__/Middlewares/ST/STM32_USB_Device_Library/Core/Src/usbd_ctlreq.c.obj
 .text.USBD_GetConfig
                0x08007dd0       0x6c cmake/stm32cubemx/CMakeFiles/USB_Device_Library.dir/__/__/Middlewares/ST/STM32_USB_Device_Library/Core/Src/usbd_ctlreq.c.obj
 .text.USBD_GetStatus
                0x08007e3c       0x68 cmake/stm32cubemx/CMakeFiles/USB_Device_Library.dir/__/__/Middlewares/ST/STM32_USB_Device_Library/Core/Src/usbd_ctlreq.c.obj
 .text.USBD_SetFeature
                0x08007ea4       0x52 cmake/stm32cubemx/CMakeFiles/USB_Device_Library.dir/__/__/Middlewares/ST/STM32_USB_Device_Library/Core/Src/usbd_ctlreq.c.obj
 .text.USBD_ClrFeature
                0x08007ef6       0x44 cmake/stm32cubemx/CMakeFiles/USB_Device_Library.dir/__/__/Middlewares/ST/STM32_USB_Device_Library/Core/Src/usbd_ctlreq.c.obj
 .text.USBD_ParseSetupRequest
                0x08007f3a       0x74 cmake/stm32cubemx/CMakeFiles/USB_Device_Library.dir/__/__/Middlewares/ST/STM32_USB_Device_Library/Core/Src/usbd_ctlreq.c.obj
                0x08007f3a                USBD_ParseSetupRequest
 .text.USBD_CtlError
                0x08007fae       0x22 cmake/stm32cubemx/CMakeFiles/USB_Device_Library.dir/__/__/Middlewares/ST/STM32_USB_Device_Library/Core/Src/usbd_ctlreq.c.obj
                0x08007fae                USBD_CtlError
 .text.USBD_GetString
                0x08007fd0       0xa4 cmake/stm32cubemx/CMakeFiles/USB_Device_Library.dir/__/__/Middlewares/ST/STM32_USB_Device_Library/Core/Src/usbd_ctlreq.c.obj
                0x08007fd0                USBD_GetString
 .text.USBD_GetLen
                0x08008074       0x34 cmake/stm32cubemx/CMakeFiles/USB_Device_Library.dir/__/__/Middlewares/ST/STM32_USB_Device_Library/Core/Src/usbd_ctlreq.c.obj
 .text.USBD_CtlSendData
                0x080080a8       0x3c cmake/stm32cubemx/CMakeFiles/USB_Device_Library.dir/__/__/Middlewares/ST/STM32_USB_Device_Library/Core/Src/usbd_ioreq.c.obj
                0x080080a8                USBD_CtlSendData
 .text.USBD_CtlContinueSendData
                0x080080e4       0x22 cmake/stm32cubemx/CMakeFiles/USB_Device_Library.dir/__/__/Middlewares/ST/STM32_USB_Device_Library/Core/Src/usbd_ioreq.c.obj
                0x080080e4                USBD_CtlContinueSendData
 .text.USBD_CtlPrepareRx
                0x08008106       0x42 cmake/stm32cubemx/CMakeFiles/USB_Device_Library.dir/__/__/Middlewares/ST/STM32_USB_Device_Library/Core/Src/usbd_ioreq.c.obj
                0x08008106                USBD_CtlPrepareRx
 .text.USBD_CtlContinueRx
                0x08008148       0x22 cmake/stm32cubemx/CMakeFiles/USB_Device_Library.dir/__/__/Middlewares/ST/STM32_USB_Device_Library/Core/Src/usbd_ioreq.c.obj
                0x08008148                USBD_CtlContinueRx
 .text.USBD_CtlSendStatus
                0x0800816a       0x26 cmake/stm32cubemx/CMakeFiles/USB_Device_Library.dir/__/__/Middlewares/ST/STM32_USB_Device_Library/Core/Src/usbd_ioreq.c.obj
                0x0800816a                USBD_CtlSendStatus
 .text.USBD_CtlReceiveStatus
                0x08008190       0x26 cmake/stm32cubemx/CMakeFiles/USB_Device_Library.dir/__/__/Middlewares/ST/STM32_USB_Device_Library/Core/Src/usbd_ioreq.c.obj
                0x08008190                USBD_CtlReceiveStatus
 *fill*         0x080081b6        0x2 
 .text.USBD_CDC_Init
                0x080081b8      0x1f0 cmake/stm32cubemx/CMakeFiles/USB_Device_Library.dir/__/__/Middlewares/ST/STM32_USB_Device_Library/Class/CDC/Src/usbd_cdc.c.obj
 .text.USBD_CDC_DeInit
                0x080083a8      0x104 cmake/stm32cubemx/CMakeFiles/USB_Device_Library.dir/__/__/Middlewares/ST/STM32_USB_Device_Library/Class/CDC/Src/usbd_cdc.c.obj
 .text.USBD_CDC_Setup
                0x080084ac      0x1b8 cmake/stm32cubemx/CMakeFiles/USB_Device_Library.dir/__/__/Middlewares/ST/STM32_USB_Device_Library/Class/CDC/Src/usbd_cdc.c.obj
 .text.USBD_CDC_DataIn
                0x08008664       0xfe cmake/stm32cubemx/CMakeFiles/USB_Device_Library.dir/__/__/Middlewares/ST/STM32_USB_Device_Library/Class/CDC/Src/usbd_cdc.c.obj
 .text.USBD_CDC_DataOut
                0x08008762       0x70 cmake/stm32cubemx/CMakeFiles/USB_Device_Library.dir/__/__/Middlewares/ST/STM32_USB_Device_Library/Class/CDC/Src/usbd_cdc.c.obj
 .text.USBD_CDC_EP0_RxReady
                0x080087d2       0x74 cmake/stm32cubemx/CMakeFiles/USB_Device_Library.dir/__/__/Middlewares/ST/STM32_USB_Device_Library/Class/CDC/Src/usbd_cdc.c.obj
 *fill*         0x08008846        0x2 
 .text.USBD_CDC_GetFSCfgDesc
                0x08008848       0x70 cmake/stm32cubemx/CMakeFiles/USB_Device_Library.dir/__/__/Middlewares/ST/STM32_USB_Device_Library/Class/CDC/Src/usbd_cdc.c.obj
 .text.USBD_CDC_GetHSCfgDesc
                0x080088b8       0x70 cmake/stm32cubemx/CMakeFiles/USB_Device_Library.dir/__/__/Middlewares/ST/STM32_USB_Device_Library/Class/CDC/Src/usbd_cdc.c.obj
 .text.USBD_CDC_GetOtherSpeedCfgDesc
                0x08008928       0x70 cmake/stm32cubemx/CMakeFiles/USB_Device_Library.dir/__/__/Middlewares/ST/STM32_USB_Device_Library/Class/CDC/Src/usbd_cdc.c.obj
 .text.USBD_CDC_GetDeviceQualifierDescriptor
                0x08008998       0x20 cmake/stm32cubemx/CMakeFiles/USB_Device_Library.dir/__/__/Middlewares/ST/STM32_USB_Device_Library/Class/CDC/Src/usbd_cdc.c.obj
                0x08008998                USBD_CDC_GetDeviceQualifierDescriptor
 .text.USBD_CDC_RegisterInterface
                0x080089b8       0x34 cmake/stm32cubemx/CMakeFiles/USB_Device_Library.dir/__/__/Middlewares/ST/STM32_USB_Device_Library/Class/CDC/Src/usbd_cdc.c.obj
                0x080089b8                USBD_CDC_RegisterInterface
 .text.USBD_CDC_SetTxBuffer
                0x080089ec       0x44 cmake/stm32cubemx/CMakeFiles/USB_Device_Library.dir/__/__/Middlewares/ST/STM32_USB_Device_Library/Class/CDC/Src/usbd_cdc.c.obj
                0x080089ec                USBD_CDC_SetTxBuffer
 .text.USBD_CDC_SetRxBuffer
                0x08008a30       0x3a cmake/stm32cubemx/CMakeFiles/USB_Device_Library.dir/__/__/Middlewares/ST/STM32_USB_Device_Library/Class/CDC/Src/usbd_cdc.c.obj
                0x08008a30                USBD_CDC_SetRxBuffer
 *fill*         0x08008a6a        0x2 
 .text.USBD_CDC_ReceivePacket
                0x08008a6c       0x6c cmake/stm32cubemx/CMakeFiles/USB_Device_Library.dir/__/__/Middlewares/ST/STM32_USB_Device_Library/Class/CDC/Src/usbd_cdc.c.obj
                0x08008a6c                USBD_CDC_ReceivePacket
 .text.vListInitialise
                0x08008ad8       0x40 cmake/stm32cubemx/CMakeFiles/FreeRTOS.dir/__/__/Middlewares/Third_Party/FreeRTOS/Source/list.c.obj
                0x08008ad8                vListInitialise
 .text.vListInitialiseItem
                0x08008b18       0x1a cmake/stm32cubemx/CMakeFiles/FreeRTOS.dir/__/__/Middlewares/Third_Party/FreeRTOS/Source/list.c.obj
                0x08008b18                vListInitialiseItem
 .text.vListInsertEnd
                0x08008b32       0x48 cmake/stm32cubemx/CMakeFiles/FreeRTOS.dir/__/__/Middlewares/Third_Party/FreeRTOS/Source/list.c.obj
                0x08008b32                vListInsertEnd
 .text.vListInsert
                0x08008b7a       0x72 cmake/stm32cubemx/CMakeFiles/FreeRTOS.dir/__/__/Middlewares/Third_Party/FreeRTOS/Source/list.c.obj
                0x08008b7a                vListInsert
 .text.uxListRemove
                0x08008bec       0x54 cmake/stm32cubemx/CMakeFiles/FreeRTOS.dir/__/__/Middlewares/Third_Party/FreeRTOS/Source/list.c.obj
                0x08008bec                uxListRemove
 .text.xTaskCreateStatic
                0x08008c40       0xc0 cmake/stm32cubemx/CMakeFiles/FreeRTOS.dir/__/__/Middlewares/Third_Party/FreeRTOS/Source/tasks.c.obj
                0x08008c40                xTaskCreateStatic
 .text.xTaskCreate
                0x08008d00       0x8a cmake/stm32cubemx/CMakeFiles/FreeRTOS.dir/__/__/Middlewares/Third_Party/FreeRTOS/Source/tasks.c.obj
                0x08008d00                xTaskCreate
 .text.prvInitialiseNewTask
                0x08008d8a      0x110 cmake/stm32cubemx/CMakeFiles/FreeRTOS.dir/__/__/Middlewares/Third_Party/FreeRTOS/Source/tasks.c.obj
 *fill*         0x08008e9a        0x2 
 .text.prvAddNewTaskToReadyList
                0x08008e9c       0xd4 cmake/stm32cubemx/CMakeFiles/FreeRTOS.dir/__/__/Middlewares/Third_Party/FreeRTOS/Source/tasks.c.obj
 .text.vTaskDelay
                0x08008f70       0x6c cmake/stm32cubemx/CMakeFiles/FreeRTOS.dir/__/__/Middlewares/Third_Party/FreeRTOS/Source/tasks.c.obj
                0x08008f70                vTaskDelay
 .text.vTaskStartScheduler
                0x08008fdc       0xc4 cmake/stm32cubemx/CMakeFiles/FreeRTOS.dir/__/__/Middlewares/Third_Party/FreeRTOS/Source/tasks.c.obj
                0x08008fdc                vTaskStartScheduler
 .text.vTaskSuspendAll
                0x080090a0       0x1c cmake/stm32cubemx/CMakeFiles/FreeRTOS.dir/__/__/Middlewares/Third_Party/FreeRTOS/Source/tasks.c.obj
                0x080090a0                vTaskSuspendAll
 .text.xTaskResumeAll
                0x080090bc      0x13c cmake/stm32cubemx/CMakeFiles/FreeRTOS.dir/__/__/Middlewares/Third_Party/FreeRTOS/Source/tasks.c.obj
                0x080090bc                xTaskResumeAll
 .text.xTaskIncrementTick
                0x080091f8      0x174 cmake/stm32cubemx/CMakeFiles/FreeRTOS.dir/__/__/Middlewares/Third_Party/FreeRTOS/Source/tasks.c.obj
                0x080091f8                xTaskIncrementTick
 .text.vTaskSwitchContext
                0x0800936c       0xb8 cmake/stm32cubemx/CMakeFiles/FreeRTOS.dir/__/__/Middlewares/Third_Party/FreeRTOS/Source/tasks.c.obj
                0x0800936c                vTaskSwitchContext
 .text.prvIdleTask
                0x08009424       0x30 cmake/stm32cubemx/CMakeFiles/FreeRTOS.dir/__/__/Middlewares/Third_Party/FreeRTOS/Source/tasks.c.obj
 .text.prvInitialiseTaskLists
                0x08009454       0x80 cmake/stm32cubemx/CMakeFiles/FreeRTOS.dir/__/__/Middlewares/Third_Party/FreeRTOS/Source/tasks.c.obj
 .text.prvCheckTasksWaitingTermination
                0x080094d4       0x5c cmake/stm32cubemx/CMakeFiles/FreeRTOS.dir/__/__/Middlewares/Third_Party/FreeRTOS/Source/tasks.c.obj
 .text.prvDeleteTCB
                0x08009530       0x60 cmake/stm32cubemx/CMakeFiles/FreeRTOS.dir/__/__/Middlewares/Third_Party/FreeRTOS/Source/tasks.c.obj
 .text.prvResetNextTaskUnblockTime
                0x08009590       0x40 cmake/stm32cubemx/CMakeFiles/FreeRTOS.dir/__/__/Middlewares/Third_Party/FreeRTOS/Source/tasks.c.obj
 .text.prvAddCurrentTaskToDelayedList
                0x080095d0       0xcc cmake/stm32cubemx/CMakeFiles/FreeRTOS.dir/__/__/Middlewares/Third_Party/FreeRTOS/Source/tasks.c.obj
 .text.makeFreeRtosPriority
                0x0800969c       0x30 cmake/stm32cubemx/CMakeFiles/FreeRTOS.dir/__/__/Middlewares/Third_Party/FreeRTOS/Source/CMSIS_RTOS/cmsis_os.c.obj
 .text.osKernelStart
                0x080096cc        0xe cmake/stm32cubemx/CMakeFiles/FreeRTOS.dir/__/__/Middlewares/Third_Party/FreeRTOS/Source/CMSIS_RTOS/cmsis_os.c.obj
                0x080096cc                osKernelStart
 .text.osThreadCreate
                0x080096da       0x98 cmake/stm32cubemx/CMakeFiles/FreeRTOS.dir/__/__/Middlewares/Third_Party/FreeRTOS/Source/CMSIS_RTOS/cmsis_os.c.obj
                0x080096da                osThreadCreate
 .text.osDelay  0x08009772       0x28 cmake/stm32cubemx/CMakeFiles/FreeRTOS.dir/__/__/Middlewares/Third_Party/FreeRTOS/Source/CMSIS_RTOS/cmsis_os.c.obj
                0x08009772                osDelay
 *fill*         0x0800979a        0x2 
 .text.pvPortMalloc
                0x0800979c      0x19c cmake/stm32cubemx/CMakeFiles/FreeRTOS.dir/__/__/Middlewares/Third_Party/FreeRTOS/Source/portable/MemMang/heap_4.c.obj
                0x0800979c                pvPortMalloc
 .text.vPortFree
                0x08009938       0xc8 cmake/stm32cubemx/CMakeFiles/FreeRTOS.dir/__/__/Middlewares/Third_Party/FreeRTOS/Source/portable/MemMang/heap_4.c.obj
                0x08009938                vPortFree
 .text.prvHeapInit
                0x08009a00       0xc4 cmake/stm32cubemx/CMakeFiles/FreeRTOS.dir/__/__/Middlewares/Third_Party/FreeRTOS/Source/portable/MemMang/heap_4.c.obj
 .text.prvInsertBlockIntoFreeList
                0x08009ac4       0xb4 cmake/stm32cubemx/CMakeFiles/FreeRTOS.dir/__/__/Middlewares/Third_Party/FreeRTOS/Source/portable/MemMang/heap_4.c.obj
 .text.pxPortInitialiseStack
                0x08009b78       0x68 cmake/stm32cubemx/CMakeFiles/FreeRTOS.dir/__/__/Middlewares/Third_Party/FreeRTOS/Source/portable/GCC/ARM_CM4F/port.c.obj
                0x08009b78                pxPortInitialiseStack
 .text.prvTaskExitError
                0x08009be0       0x5c cmake/stm32cubemx/CMakeFiles/FreeRTOS.dir/__/__/Middlewares/Third_Party/FreeRTOS/Source/portable/GCC/ARM_CM4F/port.c.obj
 *fill*         0x08009c3c        0x4 
 .text.SVC_Handler
                0x08009c40       0x28 cmake/stm32cubemx/CMakeFiles/FreeRTOS.dir/__/__/Middlewares/Third_Party/FreeRTOS/Source/portable/GCC/ARM_CM4F/port.c.obj
                0x08009c40                SVC_Handler
 .text.prvPortStartFirstTask
                0x08009c68       0x28 cmake/stm32cubemx/CMakeFiles/FreeRTOS.dir/__/__/Middlewares/Third_Party/FreeRTOS/Source/portable/GCC/ARM_CM4F/port.c.obj
 .text.xPortStartScheduler
                0x08009c90      0x148 cmake/stm32cubemx/CMakeFiles/FreeRTOS.dir/__/__/Middlewares/Third_Party/FreeRTOS/Source/portable/GCC/ARM_CM4F/port.c.obj
                0x08009c90                xPortStartScheduler
 .text.vPortEnterCritical
                0x08009dd8       0x64 cmake/stm32cubemx/CMakeFiles/FreeRTOS.dir/__/__/Middlewares/Third_Party/FreeRTOS/Source/portable/GCC/ARM_CM4F/port.c.obj
                0x08009dd8                vPortEnterCritical
 .text.vPortExitCritical
                0x08009e3c       0x54 cmake/stm32cubemx/CMakeFiles/FreeRTOS.dir/__/__/Middlewares/Third_Party/FreeRTOS/Source/portable/GCC/ARM_CM4F/port.c.obj
                0x08009e3c                vPortExitCritical
 .text.PendSV_Handler
                0x08009e90       0x68 cmake/stm32cubemx/CMakeFiles/FreeRTOS.dir/__/__/Middlewares/Third_Party/FreeRTOS/Source/portable/GCC/ARM_CM4F/port.c.obj
                0x08009e90                PendSV_Handler
 .text.SysTick_Handler
                0x08009ef8       0x44 cmake/stm32cubemx/CMakeFiles/FreeRTOS.dir/__/__/Middlewares/Third_Party/FreeRTOS/Source/portable/GCC/ARM_CM4F/port.c.obj
                0x08009ef8                SysTick_Handler
 .text.vPortSetupTimerInterrupt
                0x08009f3c       0x48 cmake/stm32cubemx/CMakeFiles/FreeRTOS.dir/__/__/Middlewares/Third_Party/FreeRTOS/Source/portable/GCC/ARM_CM4F/port.c.obj
                0x08009f3c                vPortSetupTimerInterrupt
 .text.vPortEnableVFP
                0x08009f84       0x14 cmake/stm32cubemx/CMakeFiles/FreeRTOS.dir/__/__/Middlewares/Third_Party/FreeRTOS/Source/portable/GCC/ARM_CM4F/port.c.obj
 .text.HAL_PCD_MspInit
                0x08009f98       0xa8 CMakeFiles/visual_gimbal.dir/USB_DEVICE/Target/usbd_conf.c.obj
                0x08009f98                HAL_PCD_MspInit
 .text.HAL_PCD_SetupStageCallback
                0x0800a040       0x24 CMakeFiles/visual_gimbal.dir/USB_DEVICE/Target/usbd_conf.c.obj
                0x0800a040                HAL_PCD_SetupStageCallback
 .text.HAL_PCD_DataOutStageCallback
                0x0800a064       0x36 CMakeFiles/visual_gimbal.dir/USB_DEVICE/Target/usbd_conf.c.obj
                0x0800a064                HAL_PCD_DataOutStageCallback
 .text.HAL_PCD_DataInStageCallback
                0x0800a09a       0x34 CMakeFiles/visual_gimbal.dir/USB_DEVICE/Target/usbd_conf.c.obj
                0x0800a09a                HAL_PCD_DataInStageCallback
 .text.HAL_PCD_SOFCallback
                0x0800a0ce       0x1c CMakeFiles/visual_gimbal.dir/USB_DEVICE/Target/usbd_conf.c.obj
                0x0800a0ce                HAL_PCD_SOFCallback
 .text.HAL_PCD_ResetCallback
                0x0800a0ea       0x50 CMakeFiles/visual_gimbal.dir/USB_DEVICE/Target/usbd_conf.c.obj
                0x0800a0ea                HAL_PCD_ResetCallback
 *fill*         0x0800a13a        0x2 
 .text.HAL_PCD_SuspendCallback
                0x0800a13c       0x4c CMakeFiles/visual_gimbal.dir/USB_DEVICE/Target/usbd_conf.c.obj
                0x0800a13c                HAL_PCD_SuspendCallback
 .text.HAL_PCD_ResumeCallback
                0x0800a188       0x1c CMakeFiles/visual_gimbal.dir/USB_DEVICE/Target/usbd_conf.c.obj
                0x0800a188                HAL_PCD_ResumeCallback
 .text.HAL_PCD_ISOOUTIncompleteCallback
                0x0800a1a4       0x24 CMakeFiles/visual_gimbal.dir/USB_DEVICE/Target/usbd_conf.c.obj
                0x0800a1a4                HAL_PCD_ISOOUTIncompleteCallback
 .text.HAL_PCD_ISOINIncompleteCallback
                0x0800a1c8       0x24 CMakeFiles/visual_gimbal.dir/USB_DEVICE/Target/usbd_conf.c.obj
                0x0800a1c8                HAL_PCD_ISOINIncompleteCallback
 .text.HAL_PCD_ConnectCallback
                0x0800a1ec       0x1c CMakeFiles/visual_gimbal.dir/USB_DEVICE/Target/usbd_conf.c.obj
                0x0800a1ec                HAL_PCD_ConnectCallback
 .text.HAL_PCD_DisconnectCallback
                0x0800a208       0x1c CMakeFiles/visual_gimbal.dir/USB_DEVICE/Target/usbd_conf.c.obj
                0x0800a208                HAL_PCD_DisconnectCallback
 .text.USBD_LL_Init
                0x0800a224       0x98 CMakeFiles/visual_gimbal.dir/USB_DEVICE/Target/usbd_conf.c.obj
                0x0800a224                USBD_LL_Init
 .text.USBD_LL_Start
                0x0800a2bc       0x36 CMakeFiles/visual_gimbal.dir/USB_DEVICE/Target/usbd_conf.c.obj
                0x0800a2bc                USBD_LL_Start
 .text.USBD_LL_OpenEP
                0x0800a2f2       0x4c CMakeFiles/visual_gimbal.dir/USB_DEVICE/Target/usbd_conf.c.obj
                0x0800a2f2                USBD_LL_OpenEP
 .text.USBD_LL_CloseEP
                0x0800a33e       0x3e CMakeFiles/visual_gimbal.dir/USB_DEVICE/Target/usbd_conf.c.obj
                0x0800a33e                USBD_LL_CloseEP
 .text.USBD_LL_StallEP
                0x0800a37c       0x3e CMakeFiles/visual_gimbal.dir/USB_DEVICE/Target/usbd_conf.c.obj
                0x0800a37c                USBD_LL_StallEP
 .text.USBD_LL_ClearStallEP
                0x0800a3ba       0x3e CMakeFiles/visual_gimbal.dir/USB_DEVICE/Target/usbd_conf.c.obj
                0x0800a3ba                USBD_LL_ClearStallEP
 .text.USBD_LL_IsStallEP
                0x0800a3f8       0x58 CMakeFiles/visual_gimbal.dir/USB_DEVICE/Target/usbd_conf.c.obj
                0x0800a3f8                USBD_LL_IsStallEP
 .text.USBD_LL_SetUSBAddress
                0x0800a450       0x3e CMakeFiles/visual_gimbal.dir/USB_DEVICE/Target/usbd_conf.c.obj
                0x0800a450                USBD_LL_SetUSBAddress
 .text.USBD_LL_Transmit
                0x0800a48e       0x42 CMakeFiles/visual_gimbal.dir/USB_DEVICE/Target/usbd_conf.c.obj
                0x0800a48e                USBD_LL_Transmit
 .text.USBD_LL_PrepareReceive
                0x0800a4d0       0x42 CMakeFiles/visual_gimbal.dir/USB_DEVICE/Target/usbd_conf.c.obj
                0x0800a4d0                USBD_LL_PrepareReceive
 .text.USBD_LL_GetRxDataSize
                0x0800a512       0x26 CMakeFiles/visual_gimbal.dir/USB_DEVICE/Target/usbd_conf.c.obj
                0x0800a512                USBD_LL_GetRxDataSize
 .text.USBD_static_malloc
                0x0800a538       0x1c CMakeFiles/visual_gimbal.dir/USB_DEVICE/Target/usbd_conf.c.obj
                0x0800a538                USBD_static_malloc
 .text.USBD_static_free
                0x0800a554       0x14 CMakeFiles/visual_gimbal.dir/USB_DEVICE/Target/usbd_conf.c.obj
                0x0800a554                USBD_static_free
 .text.USBD_Get_USB_Status
                0x0800a568       0x58 CMakeFiles/visual_gimbal.dir/USB_DEVICE/Target/usbd_conf.c.obj
                0x0800a568                USBD_Get_USB_Status
 .text.MX_USB_DEVICE_Init
                0x0800a5c0       0x60 CMakeFiles/visual_gimbal.dir/USB_DEVICE/App/usb_device.c.obj
                0x0800a5c0                MX_USB_DEVICE_Init
 .text.USBD_FS_DeviceDescriptor
                0x0800a620       0x24 CMakeFiles/visual_gimbal.dir/USB_DEVICE/App/usbd_desc.c.obj
                0x0800a620                USBD_FS_DeviceDescriptor
 .text.USBD_FS_LangIDStrDescriptor
                0x0800a644       0x24 CMakeFiles/visual_gimbal.dir/USB_DEVICE/App/usbd_desc.c.obj
                0x0800a644                USBD_FS_LangIDStrDescriptor
 .text.USBD_FS_ProductStrDescriptor
                0x0800a668       0x3c CMakeFiles/visual_gimbal.dir/USB_DEVICE/App/usbd_desc.c.obj
                0x0800a668                USBD_FS_ProductStrDescriptor
 .text.USBD_FS_ManufacturerStrDescriptor
                0x0800a6a4       0x28 CMakeFiles/visual_gimbal.dir/USB_DEVICE/App/usbd_desc.c.obj
                0x0800a6a4                USBD_FS_ManufacturerStrDescriptor
 .text.USBD_FS_SerialStrDescriptor
                0x0800a6cc       0x24 CMakeFiles/visual_gimbal.dir/USB_DEVICE/App/usbd_desc.c.obj
                0x0800a6cc                USBD_FS_SerialStrDescriptor
 .text.USBD_FS_ConfigStrDescriptor
                0x0800a6f0       0x3c CMakeFiles/visual_gimbal.dir/USB_DEVICE/App/usbd_desc.c.obj
                0x0800a6f0                USBD_FS_ConfigStrDescriptor
 .text.USBD_FS_InterfaceStrDescriptor
                0x0800a72c       0x3c CMakeFiles/visual_gimbal.dir/USB_DEVICE/App/usbd_desc.c.obj
                0x0800a72c                USBD_FS_InterfaceStrDescriptor
 .text.Get_SerialNum
                0x0800a768       0x58 CMakeFiles/visual_gimbal.dir/USB_DEVICE/App/usbd_desc.c.obj
 .text.IntToUnicode
                0x0800a7c0       0x7e CMakeFiles/visual_gimbal.dir/USB_DEVICE/App/usbd_desc.c.obj
 *fill*         0x0800a83e        0x2 
 .text.CDC_Init_FS
                0x0800a840       0x28 CMakeFiles/visual_gimbal.dir/USB_DEVICE/App/usbd_cdc_if.c.obj
 .text.CDC_DeInit_FS
                0x0800a868       0x10 CMakeFiles/visual_gimbal.dir/USB_DEVICE/App/usbd_cdc_if.c.obj
 .text.CDC_Control_FS
                0x0800a878       0xbc CMakeFiles/visual_gimbal.dir/USB_DEVICE/App/usbd_cdc_if.c.obj
 .text.CDC_Receive_FS
                0x0800a934       0x28 CMakeFiles/visual_gimbal.dir/USB_DEVICE/App/usbd_cdc_if.c.obj
 .text.CDC_TransmitCplt_FS
                0x0800a95c       0x22 CMakeFiles/visual_gimbal.dir/USB_DEVICE/App/usbd_cdc_if.c.obj
 .text.main     0x0800a97e       0x38 CMakeFiles/visual_gimbal.dir/Core/Src/main.c.obj
                0x0800a97e                main
 *fill*         0x0800a9b6        0x2 
 .text.SystemClock_Config
                0x0800a9b8       0xd4 CMakeFiles/visual_gimbal.dir/Core/Src/main.c.obj
                0x0800a9b8                SystemClock_Config
 .text.HAL_TIM_PeriodElapsedCallback
                0x0800aa8c       0x24 CMakeFiles/visual_gimbal.dir/Core/Src/main.c.obj
                0x0800aa8c                HAL_TIM_PeriodElapsedCallback
 .text.Error_Handler
                0x0800aab0        0xc CMakeFiles/visual_gimbal.dir/Core/Src/main.c.obj
                0x0800aab0                Error_Handler
 .text.MX_GPIO_Init
                0x0800aabc      0x11c CMakeFiles/visual_gimbal.dir/Core/Src/gpio.c.obj
                0x0800aabc                MX_GPIO_Init
 .text.vApplicationGetIdleTaskMemory
                0x0800abd8       0x34 CMakeFiles/visual_gimbal.dir/Core/Src/freertos.c.obj
                0x0800abd8                vApplicationGetIdleTaskMemory
 .text.MX_FREERTOS_Init
                0x0800ac0c       0xc4 CMakeFiles/visual_gimbal.dir/Core/Src/freertos.c.obj
                0x0800ac0c                MX_FREERTOS_Init
 .text.StartDefaultTask
                0x0800acd0       0x14 CMakeFiles/visual_gimbal.dir/Core/Src/freertos.c.obj
                0x0800acd0                StartDefaultTask
 .text.MX_CAN1_Init
                0x0800ace4       0x6c CMakeFiles/visual_gimbal.dir/Core/Src/can.c.obj
                0x0800ace4                MX_CAN1_Init
 .text.MX_CAN2_Init
                0x0800ad50       0x6c CMakeFiles/visual_gimbal.dir/Core/Src/can.c.obj
                0x0800ad50                MX_CAN2_Init
 .text.HAL_CAN_MspInit
                0x0800adbc      0x1bc CMakeFiles/visual_gimbal.dir/Core/Src/can.c.obj
                0x0800adbc                HAL_CAN_MspInit
 .text.MX_DMA_Init
                0x0800af78       0x9c CMakeFiles/visual_gimbal.dir/Core/Src/dma.c.obj
                0x0800af78                MX_DMA_Init
 .text.MX_SPI1_Init
                0x0800b014       0x6c CMakeFiles/visual_gimbal.dir/Core/Src/spi.c.obj
                0x0800b014                MX_SPI1_Init
 .text.HAL_SPI_MspInit
                0x0800b080      0x16c CMakeFiles/visual_gimbal.dir/Core/Src/spi.c.obj
                0x0800b080                HAL_SPI_MspInit
 .text.MX_TIM2_Init
                0x0800b1ec       0xec CMakeFiles/visual_gimbal.dir/Core/Src/tim.c.obj
                0x0800b1ec                MX_TIM2_Init
 .text.HAL_TIM_Base_MspInit
                0x0800b2d8       0x40 CMakeFiles/visual_gimbal.dir/Core/Src/tim.c.obj
                0x0800b2d8                HAL_TIM_Base_MspInit
 .text.HAL_TIM_MspPostInit
                0x0800b318       0x70 CMakeFiles/visual_gimbal.dir/Core/Src/tim.c.obj
                0x0800b318                HAL_TIM_MspPostInit
 .text.MX_USART3_UART_Init
                0x0800b388       0x58 CMakeFiles/visual_gimbal.dir/Core/Src/usart.c.obj
                0x0800b388                MX_USART3_UART_Init
 .text.MX_USART6_UART_Init
                0x0800b3e0       0x54 CMakeFiles/visual_gimbal.dir/Core/Src/usart.c.obj
                0x0800b3e0                MX_USART6_UART_Init
 .text.HAL_UART_MspInit
                0x0800b434      0x294 CMakeFiles/visual_gimbal.dir/Core/Src/usart.c.obj
                0x0800b434                HAL_UART_MspInit
 .text.NMI_Handler
                0x0800b6c8        0x8 CMakeFiles/visual_gimbal.dir/Core/Src/stm32f4xx_it.c.obj
                0x0800b6c8                NMI_Handler
 .text.HardFault_Handler
                0x0800b6d0        0x8 CMakeFiles/visual_gimbal.dir/Core/Src/stm32f4xx_it.c.obj
                0x0800b6d0                HardFault_Handler
 .text.MemManage_Handler
                0x0800b6d8        0x8 CMakeFiles/visual_gimbal.dir/Core/Src/stm32f4xx_it.c.obj
                0x0800b6d8                MemManage_Handler
 .text.BusFault_Handler
                0x0800b6e0        0x8 CMakeFiles/visual_gimbal.dir/Core/Src/stm32f4xx_it.c.obj
                0x0800b6e0                BusFault_Handler
 .text.UsageFault_Handler
                0x0800b6e8        0x8 CMakeFiles/visual_gimbal.dir/Core/Src/stm32f4xx_it.c.obj
                0x0800b6e8                UsageFault_Handler
 .text.DebugMon_Handler
                0x0800b6f0        0xe CMakeFiles/visual_gimbal.dir/Core/Src/stm32f4xx_it.c.obj
                0x0800b6f0                DebugMon_Handler
 *fill*         0x0800b6fe        0x2 
 .text.DMA1_Stream1_IRQHandler
                0x0800b700       0x14 CMakeFiles/visual_gimbal.dir/Core/Src/stm32f4xx_it.c.obj
                0x0800b700                DMA1_Stream1_IRQHandler
 .text.CAN1_TX_IRQHandler
                0x0800b714       0x14 CMakeFiles/visual_gimbal.dir/Core/Src/stm32f4xx_it.c.obj
                0x0800b714                CAN1_TX_IRQHandler
 .text.CAN1_RX0_IRQHandler
                0x0800b728       0x14 CMakeFiles/visual_gimbal.dir/Core/Src/stm32f4xx_it.c.obj
                0x0800b728                CAN1_RX0_IRQHandler
 .text.CAN1_RX1_IRQHandler
                0x0800b73c       0x14 CMakeFiles/visual_gimbal.dir/Core/Src/stm32f4xx_it.c.obj
                0x0800b73c                CAN1_RX1_IRQHandler
 .text.CAN1_SCE_IRQHandler
                0x0800b750       0x14 CMakeFiles/visual_gimbal.dir/Core/Src/stm32f4xx_it.c.obj
                0x0800b750                CAN1_SCE_IRQHandler
 .text.TIM1_UP_TIM10_IRQHandler
                0x0800b764       0x14 CMakeFiles/visual_gimbal.dir/Core/Src/stm32f4xx_it.c.obj
                0x0800b764                TIM1_UP_TIM10_IRQHandler
 .text.SPI1_IRQHandler
                0x0800b778       0x14 CMakeFiles/visual_gimbal.dir/Core/Src/stm32f4xx_it.c.obj
                0x0800b778                SPI1_IRQHandler
 .text.USART3_IRQHandler
                0x0800b78c       0x14 CMakeFiles/visual_gimbal.dir/Core/Src/stm32f4xx_it.c.obj
                0x0800b78c                USART3_IRQHandler
 .text.DMA2_Stream0_IRQHandler
                0x0800b7a0       0x14 CMakeFiles/visual_gimbal.dir/Core/Src/stm32f4xx_it.c.obj
                0x0800b7a0                DMA2_Stream0_IRQHandler
 .text.DMA2_Stream1_IRQHandler
                0x0800b7b4       0x14 CMakeFiles/visual_gimbal.dir/Core/Src/stm32f4xx_it.c.obj
                0x0800b7b4                DMA2_Stream1_IRQHandler
 .text.DMA2_Stream3_IRQHandler
                0x0800b7c8       0x14 CMakeFiles/visual_gimbal.dir/Core/Src/stm32f4xx_it.c.obj
                0x0800b7c8                DMA2_Stream3_IRQHandler
 .text.CAN2_TX_IRQHandler
                0x0800b7dc       0x14 CMakeFiles/visual_gimbal.dir/Core/Src/stm32f4xx_it.c.obj
                0x0800b7dc                CAN2_TX_IRQHandler
 .text.CAN2_RX0_IRQHandler
                0x0800b7f0       0x14 CMakeFiles/visual_gimbal.dir/Core/Src/stm32f4xx_it.c.obj
                0x0800b7f0                CAN2_RX0_IRQHandler
 .text.CAN2_RX1_IRQHandler
                0x0800b804       0x14 CMakeFiles/visual_gimbal.dir/Core/Src/stm32f4xx_it.c.obj
                0x0800b804                CAN2_RX1_IRQHandler
 .text.CAN2_SCE_IRQHandler
                0x0800b818       0x14 CMakeFiles/visual_gimbal.dir/Core/Src/stm32f4xx_it.c.obj
                0x0800b818                CAN2_SCE_IRQHandler
 .text.OTG_FS_IRQHandler
                0x0800b82c       0x14 CMakeFiles/visual_gimbal.dir/Core/Src/stm32f4xx_it.c.obj
                0x0800b82c                OTG_FS_IRQHandler
 .text.DMA2_Stream6_IRQHandler
                0x0800b840       0x14 CMakeFiles/visual_gimbal.dir/Core/Src/stm32f4xx_it.c.obj
                0x0800b840                DMA2_Stream6_IRQHandler
 .text.USART6_IRQHandler
                0x0800b854       0x14 CMakeFiles/visual_gimbal.dir/Core/Src/stm32f4xx_it.c.obj
                0x0800b854                USART6_IRQHandler
 .text.HAL_MspInit
                0x0800b868       0x58 CMakeFiles/visual_gimbal.dir/Core/Src/stm32f4xx_hal_msp.c.obj
                0x0800b868                HAL_MspInit
 .text.HAL_InitTick
                0x0800b8c0       0xe8 CMakeFiles/visual_gimbal.dir/Core/Src/stm32f4xx_hal_timebase_tim.c.obj
                0x0800b8c0                HAL_InitTick
 .text.Reset_Handler
                0x0800b9a8       0x50 CMakeFiles/visual_gimbal.dir/startup_stm32f405xx.s.obj
                0x0800b9a8                Reset_Handler
 .text.Default_Handler
                0x0800b9f8        0x2 CMakeFiles/visual_gimbal.dir/startup_stm32f405xx.s.obj
                0x0800b9f8                RTC_Alarm_IRQHandler
                0x0800b9f8                HASH_RNG_IRQHandler
                0x0800b9f8                EXTI2_IRQHandler
                0x0800b9f8                TIM8_CC_IRQHandler
                0x0800b9f8                TIM1_CC_IRQHandler
                0x0800b9f8                DMA2_Stream5_IRQHandler
                0x0800b9f8                DMA1_Stream5_IRQHandler
                0x0800b9f8                PVD_IRQHandler
                0x0800b9f8                SDIO_IRQHandler
                0x0800b9f8                TAMP_STAMP_IRQHandler
                0x0800b9f8                EXTI3_IRQHandler
                0x0800b9f8                TIM8_TRG_COM_TIM14_IRQHandler
                0x0800b9f8                TIM8_UP_TIM13_IRQHandler
                0x0800b9f8                I2C3_ER_IRQHandler
                0x0800b9f8                EXTI0_IRQHandler
                0x0800b9f8                I2C2_EV_IRQHandler
                0x0800b9f8                DMA1_Stream2_IRQHandler
                0x0800b9f8                FPU_IRQHandler
                0x0800b9f8                OTG_HS_WKUP_IRQHandler
                0x0800b9f8                DMA2_Stream2_IRQHandler
                0x0800b9f8                TIM6_DAC_IRQHandler
                0x0800b9f8                TIM1_BRK_TIM9_IRQHandler
                0x0800b9f8                UART5_IRQHandler
                0x0800b9f8                TIM4_IRQHandler
                0x0800b9f8                I2C1_EV_IRQHandler
                0x0800b9f8                DMA1_Stream6_IRQHandler
                0x0800b9f8                UART4_IRQHandler
                0x0800b9f8                TIM3_IRQHandler
                0x0800b9f8                RCC_IRQHandler
                0x0800b9f8                TIM8_BRK_TIM12_IRQHandler
                0x0800b9f8                Default_Handler
                0x0800b9f8                EXTI15_10_IRQHandler
                0x0800b9f8                ADC_IRQHandler
                0x0800b9f8                DMA1_Stream7_IRQHandler
                0x0800b9f8                TIM7_IRQHandler
                0x0800b9f8                TIM5_IRQHandler
                0x0800b9f8                DMA2_Stream7_IRQHandler
                0x0800b9f8                I2C3_EV_IRQHandler
                0x0800b9f8                EXTI9_5_IRQHandler
                0x0800b9f8                RTC_WKUP_IRQHandler
                0x0800b9f8                SPI2_IRQHandler
                0x0800b9f8                OTG_HS_EP1_IN_IRQHandler
                0x0800b9f8                DMA1_Stream0_IRQHandler
                0x0800b9f8                EXTI4_IRQHandler
                0x0800b9f8                FSMC_IRQHandler
                0x0800b9f8                OTG_HS_EP1_OUT_IRQHandler
                0x0800b9f8                WWDG_IRQHandler
                0x0800b9f8                TIM2_IRQHandler
                0x0800b9f8                OTG_FS_WKUP_IRQHandler
                0x0800b9f8                TIM1_TRG_COM_TIM11_IRQHandler
                0x0800b9f8                OTG_HS_IRQHandler
                0x0800b9f8                EXTI1_IRQHandler
                0x0800b9f8                USART2_IRQHandler
                0x0800b9f8                I2C2_ER_IRQHandler
                0x0800b9f8                FLASH_IRQHandler
                0x0800b9f8                DMA2_Stream4_IRQHandler
                0x0800b9f8                USART1_IRQHandler
                0x0800b9f8                SPI3_IRQHandler
                0x0800b9f8                DMA1_Stream4_IRQHandler
                0x0800b9f8                I2C1_ER_IRQHandler
                0x0800b9f8                DMA1_Stream3_IRQHandler
 .text.__udivmoddi4
                0x0800b9fa      0x2a0 D:/msys64/ucrt64/bin/../lib/gcc/arm-none-eabi/13.3.0/thumb/v7e-m+fp/hard\libgcc.a(_udivmoddi4.o)
                0x0800b9fa                __udivmoddi4
 *(.glue_7)
 .glue_7        0x0800bc9a        0x0 linker stubs
 *(.glue_7t)
 .glue_7t       0x0800bc9a        0x0 linker stubs
 *(.eh_frame)
 *fill*         0x0800bc9a        0x2 
 .eh_frame      0x0800bc9c        0x0 D:/msys64/ucrt64/bin/../lib/gcc/arm-none-eabi/13.3.0/thumb/v7e-m+fp/hard/crtbegin.o
 *(.init)
 .init          0x0800bc9c        0x4 D:/msys64/ucrt64/bin/../lib/gcc/arm-none-eabi/13.3.0/thumb/v7e-m+fp/hard/crti.o
                0x0800bc9c                _init
 .init          0x0800bca0        0x8 D:/msys64/ucrt64/bin/../lib/gcc/arm-none-eabi/13.3.0/thumb/v7e-m+fp/hard/crtn.o
 *(.fini)
 .fini          0x0800bca8        0x4 D:/msys64/ucrt64/bin/../lib/gcc/arm-none-eabi/13.3.0/thumb/v7e-m+fp/hard/crti.o
                0x0800bca8                _fini
 .fini          0x0800bcac        0x8 D:/msys64/ucrt64/bin/../lib/gcc/arm-none-eabi/13.3.0/thumb/v7e-m+fp/hard/crtn.o
                0x0800bcb4                        . = ALIGN (0x4)
                0x0800bcb4                        _etext = .

.vfp11_veneer   0x0800bcb4        0x0
 .vfp11_veneer  0x0800bcb4        0x0 linker stubs

.v4_bx          0x0800bcb4        0x0
 .v4_bx         0x0800bcb4        0x0 linker stubs

.iplt           0x0800bcb4        0x0
 .iplt          0x0800bcb4        0x0 D:/msys64/ucrt64/bin/../lib/gcc/arm-none-eabi/13.3.0/thumb/v7e-m+fp/hard/crtbegin.o

.rodata         0x0800bcb4      0x110
                0x0800bcb4                        . = ALIGN (0x4)
 *(.rodata)
 .rodata        0x0800bcb4        0x5 cmake/stm32cubemx/CMakeFiles/FreeRTOS.dir/__/__/Middlewares/Third_Party/FreeRTOS/Source/tasks.c.obj
 *fill*         0x0800bcb9        0x3 
 .rodata        0x0800bcbc       0x46 CMakeFiles/visual_gimbal.dir/USB_DEVICE/App/usbd_desc.c.obj
 *fill*         0x0800bd02        0x2 
 .rodata        0x0800bd04       0xa0 CMakeFiles/visual_gimbal.dir/Core/Src/freertos.c.obj
 *(.rodata*)
 .rodata.AHBPrescTable
                0x0800bda4       0x10 cmake/stm32cubemx/CMakeFiles/STM32_Drivers.dir/__/__/Core/Src/system_stm32f4xx.c.obj
                0x0800bda4                AHBPrescTable
 .rodata.APBPrescTable
                0x0800bdb4        0x8 cmake/stm32cubemx/CMakeFiles/STM32_Drivers.dir/__/__/Core/Src/system_stm32f4xx.c.obj
                0x0800bdb4                APBPrescTable
 .rodata.flagBitshiftOffset.0
                0x0800bdbc        0x8 cmake/stm32cubemx/CMakeFiles/STM32_Drivers.dir/__/__/Drivers/STM32F4xx_HAL_Driver/Src/stm32f4xx_hal_dma.c.obj
                0x0800bdc4                        . = ALIGN (0x4)

.ARM.extab      0x0800bdc4        0x0
                0x0800bdc4                        . = ALIGN (0x4)
 *(.ARM.extab* .gnu.linkonce.armextab.*)
                0x0800bdc4                        . = ALIGN (0x4)

.ARM            0x0800bdc4        0x8
                0x0800bdc4                        . = ALIGN (0x4)
                0x0800bdc4                        __exidx_start = .
 *(.ARM.exidx*)
 .ARM.exidx.text.__udivmoddi4
                0x0800bdc4        0x8 D:/msys64/ucrt64/bin/../lib/gcc/arm-none-eabi/13.3.0/thumb/v7e-m+fp/hard\libgcc.a(_udivmoddi4.o)
                0x0800bdcc                        __exidx_end = .
                0x0800bdcc                        . = ALIGN (0x4)

.preinit_array  0x0800bdcc        0x0
                0x0800bdcc                        . = ALIGN (0x4)
                0x0800bdcc                        PROVIDE (__preinit_array_start = .)
 *(.preinit_array*)
                0x0800bdcc                        PROVIDE (__preinit_array_end = .)
                0x0800bdcc                        . = ALIGN (0x4)

.init_array     0x0800bdcc        0x4
                0x0800bdcc                        . = ALIGN (0x4)
                0x0800bdcc                        PROVIDE (__init_array_start = .)
 *(SORT_BY_NAME(.init_array.*))
 *(.init_array*)
 .init_array    0x0800bdcc        0x4 D:/msys64/ucrt64/bin/../lib/gcc/arm-none-eabi/13.3.0/thumb/v7e-m+fp/hard/crtbegin.o
                0x0800bdd0                        PROVIDE (__init_array_end = .)
                0x0800bdd0                        . = ALIGN (0x4)

.fini_array     0x0800bdd0        0x4
                0x0800bdd0                        . = ALIGN (0x4)
                0x0800bdd0                        PROVIDE (__fini_array_start = .)
 *(SORT_BY_NAME(.fini_array.*))
 *(.fini_array*)
 .fini_array    0x0800bdd0        0x4 D:/msys64/ucrt64/bin/../lib/gcc/arm-none-eabi/13.3.0/thumb/v7e-m+fp/hard/crtbegin.o
                0x0800bdd4                        PROVIDE (__fini_array_end = .)
                0x0800bdd4                        . = ALIGN (0x4)
                0x0800bdd4                        _siccmram = LOADADDR (.ccmram)

.rel.dyn        0x0800bdd4        0x0
 .rel.iplt      0x0800bdd4        0x0 D:/msys64/ucrt64/bin/../lib/gcc/arm-none-eabi/13.3.0/thumb/v7e-m+fp/hard/crtbegin.o

.ccmram         0x10000000        0x0 load address 0x0800bdd4
                0x10000000                        . = ALIGN (0x4)
                0x10000000                        _sccmram = .
 *(.ccmram)
 *(.ccmram*)
                0x10000000                        . = ALIGN (0x4)
                0x10000000                        _eccmram = .
                0x0800bdd4                        _sidata = LOADADDR (.data)

.data           0x20000000      0x100 load address 0x0800bdd4
                0x20000000                        . = ALIGN (0x4)
                0x20000000                        _sdata = .
 *(.data)
 *(.data*)
 .data.SystemCoreClock
                0x20000000        0x4 cmake/stm32cubemx/CMakeFiles/STM32_Drivers.dir/__/__/Core/Src/system_stm32f4xx.c.obj
                0x20000000                SystemCoreClock
 .data.uwTickPrio
                0x20000004        0x4 cmake/stm32cubemx/CMakeFiles/STM32_Drivers.dir/__/__/Drivers/STM32F4xx_HAL_Driver/Src/stm32f4xx_hal.c.obj
                0x20000004                uwTickPrio
 .data.uwTickFreq
                0x20000008        0x1 cmake/stm32cubemx/CMakeFiles/STM32_Drivers.dir/__/__/Drivers/STM32F4xx_HAL_Driver/Src/stm32f4xx_hal.c.obj
                0x20000008                uwTickFreq
 *fill*         0x20000009        0x3 
 .data.USBD_CDC_DeviceQualifierDesc
                0x2000000c        0xa cmake/stm32cubemx/CMakeFiles/USB_Device_Library.dir/__/__/Middlewares/ST/STM32_USB_Device_Library/Class/CDC/Src/usbd_cdc.c.obj
 *fill*         0x20000016        0x2 
 .data.USBD_CDC
                0x20000018       0x38 cmake/stm32cubemx/CMakeFiles/USB_Device_Library.dir/__/__/Middlewares/ST/STM32_USB_Device_Library/Class/CDC/Src/usbd_cdc.c.obj
                0x20000018                USBD_CDC
 .data.USBD_CDC_CfgDesc
                0x20000050       0x43 cmake/stm32cubemx/CMakeFiles/USB_Device_Library.dir/__/__/Middlewares/ST/STM32_USB_Device_Library/Class/CDC/Src/usbd_cdc.c.obj
 .data.CDCInEpAdd
                0x20000093        0x1 cmake/stm32cubemx/CMakeFiles/USB_Device_Library.dir/__/__/Middlewares/ST/STM32_USB_Device_Library/Class/CDC/Src/usbd_cdc.c.obj
 .data.CDCOutEpAdd
                0x20000094        0x1 cmake/stm32cubemx/CMakeFiles/USB_Device_Library.dir/__/__/Middlewares/ST/STM32_USB_Device_Library/Class/CDC/Src/usbd_cdc.c.obj
 .data.CDCCmdEpAdd
                0x20000095        0x1 cmake/stm32cubemx/CMakeFiles/USB_Device_Library.dir/__/__/Middlewares/ST/STM32_USB_Device_Library/Class/CDC/Src/usbd_cdc.c.obj
 *fill*         0x20000096        0x2 
 .data.uxCriticalNesting
                0x20000098        0x4 cmake/stm32cubemx/CMakeFiles/FreeRTOS.dir/__/__/Middlewares/Third_Party/FreeRTOS/Source/portable/GCC/ARM_CM4F/port.c.obj
 .data.FS_Desc  0x2000009c       0x1c CMakeFiles/visual_gimbal.dir/USB_DEVICE/App/usbd_desc.c.obj
                0x2000009c                FS_Desc
 .data.USBD_FS_DeviceDesc
                0x200000b8       0x12 CMakeFiles/visual_gimbal.dir/USB_DEVICE/App/usbd_desc.c.obj
                0x200000b8                USBD_FS_DeviceDesc
 *fill*         0x200000ca        0x2 
 .data.USBD_LangIDDesc
                0x200000cc        0x4 CMakeFiles/visual_gimbal.dir/USB_DEVICE/App/usbd_desc.c.obj
                0x200000cc                USBD_LangIDDesc
 .data.USBD_StringSerial
                0x200000d0       0x1a CMakeFiles/visual_gimbal.dir/USB_DEVICE/App/usbd_desc.c.obj
                0x200000d0                USBD_StringSerial
 *fill*         0x200000ea        0x2 
 .data.USBD_Interface_fops_FS
                0x200000ec       0x14 CMakeFiles/visual_gimbal.dir/USB_DEVICE/App/usbd_cdc_if.c.obj
                0x200000ec                USBD_Interface_fops_FS
 *(.RamFunc)
 *(.RamFunc*)
                0x20000100                        . = ALIGN (0x4)

.igot.plt       0x20000100        0x0 load address 0x0800bed4
 .igot.plt      0x20000100        0x0 D:/msys64/ucrt64/bin/../lib/gcc/arm-none-eabi/13.3.0/thumb/v7e-m+fp/hard/crtbegin.o

.tdata          0x20000100        0x0 load address 0x0800bed4
 *(.tdata .tdata.* .gnu.linkonce.td.*)
                0x20000100                        . = ALIGN (0x4)
                0x20000100                        _edata = .
                [!provide]                        PROVIDE (__data_end = .)
                [!provide]                        PROVIDE (__tdata_end = .)
                [!provide]                        PROVIDE (__tdata_start = ADDR (.tdata))
                [!provide]                        PROVIDE (__tdata_size = (__tdata_end - __tdata_start))
                [!provide]                        PROVIDE (__data_start = ADDR (.data))
                [!provide]                        PROVIDE (__data_size = (__data_end - __data_start))
                [!provide]                        PROVIDE (__tdata_source = LOADADDR (.tdata))
                [!provide]                        PROVIDE (__tdata_source_end = (LOADADDR (.tdata) + SIZEOF (.tdata)))
                [!provide]                        PROVIDE (__tdata_source_size = (__tdata_source_end - __tdata_source))
                [!provide]                        PROVIDE (__data_source = LOADADDR (.data))
                [!provide]                        PROVIDE (__data_source_end = __tdata_source_end)
                [!provide]                        PROVIDE (__data_source_size = (__data_source_end - __data_source))

.tbss           0x20000100        0x0 load address 0x0800bed4
                0x20000100                        _sbss = .
                0x20000100                        __bss_start__ = _sbss
 *(.tbss .tbss.*)
                0x20000100                        . = ALIGN (0x4)
                [!provide]                        PROVIDE (__tbss_end = .)
                [!provide]                        PROVIDE (__tbss_start = ADDR (.tbss))
                [!provide]                        PROVIDE (__tbss_size = (__tbss_end - __tbss_start))
                [!provide]                        PROVIDE (__tbss_offset = (ADDR (.tbss) - ADDR (.tdata)))
                [!provide]                        PROVIDE (__tls_base = __tdata_start)
                [!provide]                        PROVIDE (__tls_end = __tbss_end)
                [!provide]                        PROVIDE (__tls_size = (__tls_end - __tls_base))
                [!provide]                        PROVIDE (__tls_align = MAX (ALIGNOF (.tdata), ALIGNOF (.tbss)))
                [!provide]                        PROVIDE (__tls_size_align = (((__tls_size + __tls_align) - 0x1) & ~ ((__tls_align - 0x1))))
                [!provide]                        PROVIDE (__arm32_tls_tcb_offset = MAX (0x8, __tls_align))
                [!provide]                        PROVIDE (__arm64_tls_tcb_offset = MAX (0x10, __tls_align))

.bss            0x20000100     0x5f68 load address 0x0800bed4
 *(.bss)
 *(.bss*)
 .bss.completed.1
                0x20000100        0x1 D:/msys64/ucrt64/bin/../lib/gcc/arm-none-eabi/13.3.0/thumb/v7e-m+fp/hard/crtbegin.o
 *fill*         0x20000101        0x3 
 .bss.object.0  0x20000104       0x18 D:/msys64/ucrt64/bin/../lib/gcc/arm-none-eabi/13.3.0/thumb/v7e-m+fp/hard/crtbegin.o
 .bss.uwTick    0x2000011c        0x4 cmake/stm32cubemx/CMakeFiles/STM32_Drivers.dir/__/__/Drivers/STM32F4xx_HAL_Driver/Src/stm32f4xx_hal.c.obj
                0x2000011c                uwTick
 .bss.cfgidx.0  0x20000120        0x1 cmake/stm32cubemx/CMakeFiles/USB_Device_Library.dir/__/__/Middlewares/ST/STM32_USB_Device_Library/Core/Src/usbd_ctlreq.c.obj
 *fill*         0x20000121        0x3 
 .bss.pxCurrentTCB
                0x20000124        0x4 cmake/stm32cubemx/CMakeFiles/FreeRTOS.dir/__/__/Middlewares/Third_Party/FreeRTOS/Source/tasks.c.obj
                0x20000124                pxCurrentTCB
 .bss.pxReadyTasksLists
                0x20000128       0x8c cmake/stm32cubemx/CMakeFiles/FreeRTOS.dir/__/__/Middlewares/Third_Party/FreeRTOS/Source/tasks.c.obj
 .bss.xDelayedTaskList1
                0x200001b4       0x14 cmake/stm32cubemx/CMakeFiles/FreeRTOS.dir/__/__/Middlewares/Third_Party/FreeRTOS/Source/tasks.c.obj
 .bss.xDelayedTaskList2
                0x200001c8       0x14 cmake/stm32cubemx/CMakeFiles/FreeRTOS.dir/__/__/Middlewares/Third_Party/FreeRTOS/Source/tasks.c.obj
 .bss.pxDelayedTaskList
                0x200001dc        0x4 cmake/stm32cubemx/CMakeFiles/FreeRTOS.dir/__/__/Middlewares/Third_Party/FreeRTOS/Source/tasks.c.obj
 .bss.pxOverflowDelayedTaskList
                0x200001e0        0x4 cmake/stm32cubemx/CMakeFiles/FreeRTOS.dir/__/__/Middlewares/Third_Party/FreeRTOS/Source/tasks.c.obj
 .bss.xPendingReadyList
                0x200001e4       0x14 cmake/stm32cubemx/CMakeFiles/FreeRTOS.dir/__/__/Middlewares/Third_Party/FreeRTOS/Source/tasks.c.obj
 .bss.xTasksWaitingTermination
                0x200001f8       0x14 cmake/stm32cubemx/CMakeFiles/FreeRTOS.dir/__/__/Middlewares/Third_Party/FreeRTOS/Source/tasks.c.obj
 .bss.uxDeletedTasksWaitingCleanUp
                0x2000020c        0x4 cmake/stm32cubemx/CMakeFiles/FreeRTOS.dir/__/__/Middlewares/Third_Party/FreeRTOS/Source/tasks.c.obj
 .bss.xSuspendedTaskList
                0x20000210       0x14 cmake/stm32cubemx/CMakeFiles/FreeRTOS.dir/__/__/Middlewares/Third_Party/FreeRTOS/Source/tasks.c.obj
 .bss.uxCurrentNumberOfTasks
                0x20000224        0x4 cmake/stm32cubemx/CMakeFiles/FreeRTOS.dir/__/__/Middlewares/Third_Party/FreeRTOS/Source/tasks.c.obj
 .bss.xTickCount
                0x20000228        0x4 cmake/stm32cubemx/CMakeFiles/FreeRTOS.dir/__/__/Middlewares/Third_Party/FreeRTOS/Source/tasks.c.obj
 .bss.uxTopReadyPriority
                0x2000022c        0x4 cmake/stm32cubemx/CMakeFiles/FreeRTOS.dir/__/__/Middlewares/Third_Party/FreeRTOS/Source/tasks.c.obj
 .bss.xSchedulerRunning